ochaPCode,name
BD4001,"Bagerhat District, Bangladesh"
BD2003,"Bandarban District, Bangladesh"
