{
    "Uninsured Population!!Estimate!!Total population": {
        "Node": "dcid:Count_Person_NoHealthInsurance",
        "measuredProperty": "dcid:count",
        "statType": "dcid:measuredValue",
        "populationType": "dcid:Person",
        "healthInsurance": "dcid:NoHealthInsurance",
        "armedForcesStatus": "dcid:Civilian",
        "institutionalization": "dcid:USC_NonInstitutionalized",
        "typeOf": "dcs:StatisticalVariable"
    },
    "Uninsured Population!!Margin of Error!!Total population": {
        "Node": "dcid:MarginOfError_Count_Person_NoHealthInsurance",
        "measuredProperty": "dcid:count",
        "statType": "dcid:marginOfError",
        "populationType": "dcid:Person",
        "healthInsurance": "dcid:NoHealthInsurance",
        "armedForcesStatus": "dcid:Civilian",
        "institutionalization": "dcid:USC_NonInstitutionalized",
        "typeOf": "dcs:StatisticalVariable"
    },
    "Uninsured Population!!Estimate!!AGE!!Under 18 years": {
        "Node": "dcid:Count_Person_18OrLessYears_NoHealthInsurance",
        "measuredProperty": "dcid:count",
        "statType": "dcid:measuredValue",
        "populationType": "dcid:Person",
        "healthInsurance": "dcid:NoHealthInsurance",
        "age": "[- 18 Years]",
        "armedForcesStatus": "dcid:Civilian",
        "institutionalization": "dcid:USC_NonInstitutionalized",
        "typeOf": "dcs:StatisticalVariable"
    },
    "Uninsured Population!!Margin of Error!!AGE!!Under 18 years": {
        "Node": "dcid:MarginOfError_Count_Person_18OrLessYears_NoHealthInsurance",
        "measuredProperty": "dcid:count",
        "statType": "dcid:marginOfError",
        "populationType": "dcid:Person",
        "healthInsurance": "dcid:NoHealthInsurance",
        "age": "[- 18 Years]",
        "armedForcesStatus": "dcid:Civilian",
        "institutionalization": "dcid:USC_NonInstitutionalized",
        "typeOf": "dcs:StatisticalVariable"
    },
    "Uninsured Population!!Estimate!!AGE!!Under 18 years!!Under 6 years": {
        "Node": "dcid:Count_Person_6OrLessYears_NoHealthInsurance",
        "measuredProperty": "dcid:count",
        "statType": "dcid:measuredValue",
        "populationType": "dcid:Person",
        "healthInsurance": "dcid:NoHealthInsurance",
        "age": "[- 6 Years]",
        "armedForcesStatus": "dcid:Civilian",
        "institutionalization": "dcid:USC_NonInstitutionalized",
        "typeOf": "dcs:StatisticalVariable"
    },
    "Uninsured Population!!Margin of Error!!AGE!!Under 18 years!!Under 6 years": {
        "Node": "dcid:MarginOfError_Count_Person_6OrLessYears_NoHealthInsurance",
        "measuredProperty": "dcid:count",
        "statType": "dcid:marginOfError",
        "populationType": "dcid:Person",
        "healthInsurance": "dcid:NoHealthInsurance",
        "age": "[- 6 Years]",
        "armedForcesStatus": "dcid:Civilian",
        "institutionalization": "dcid:USC_NonInstitutionalized",
        "typeOf": "dcs:StatisticalVariable"
    },
    "Uninsured Population!!Estimate!!AGE!!Under 18 years!!6 to 17 years": {
        "Node": "dcid:Count_Person_6To17Years_NoHealthInsurance",
        "measuredProperty": "dcid:count",
        "statType": "dcid:measuredValue",
        "populationType": "dcid:Person",
        "healthInsurance": "dcid:NoHealthInsurance",
        "age": "[6 17 Years]",
        "armedForcesStatus": "dcid:Civilian",
        "institutionalization": "dcid:USC_NonInstitutionalized",
        "typeOf": "dcs:StatisticalVariable"
    },
    "Uninsured Population!!Margin of Error!!AGE!!Under 18 years!!6 to 17 years": {
        "Node": "dcid:MarginOfError_Count_Person_6To17Years_NoHealthInsurance",
        "measuredProperty": "dcid:count",
        "statType": "dcid:marginOfError",
        "populationType": "dcid:Person",
        "healthInsurance": "dcid:NoHealthInsurance",
        "age": "[6 17 Years]",
        "armedForcesStatus": "dcid:Civilian",
        "institutionalization": "dcid:USC_NonInstitutionalized",
        "typeOf": "dcs:StatisticalVariable"
    },
    "Uninsured Population!!Estimate!!AGE!!18 to 64 years": {
        "Node": "dcid:Count_Person_18To64Years_NoHealthInsurance",
        "measuredProperty": "dcid:count",
        "statType": "dcid:measuredValue",
        "populationType": "dcid:Person",
        "healthInsurance": "dcid:NoHealthInsurance",
        "age": "[18 64 Years]",
        "armedForcesStatus": "dcid:Civilian",
        "institutionalization": "dcid:USC_NonInstitutionalized",
        "typeOf": "dcs:StatisticalVariable"
    },
    "Uninsured Population!!Margin of Error!!AGE!!18 to 64 years": {
        "Node": "dcid:MarginOfError_Count_Person_18To64Years_NoHealthInsurance",
        "measuredProperty": "dcid:count",
        "statType": "dcid:marginOfError",
        "populationType": "dcid:Person",
        "healthInsurance": "dcid:NoHealthInsurance",
        "age": "[18 64 Years]",
        "armedForcesStatus": "dcid:Civilian",
        "institutionalization": "dcid:USC_NonInstitutionalized",
        "typeOf": "dcs:StatisticalVariable"
    },
    "Uninsured Population!!Estimate!!AGE!!18 to 64 years!!18 to 24 years": {
        "Node": "dcid:Count_Person_18To24Years_NoHealthInsurance",
        "measuredProperty": "dcid:count",
        "statType": "dcid:measuredValue",
        "populationType": "dcid:Person",
        "healthInsurance": "dcid:NoHealthInsurance",
        "age": "[18 24 Years]",
        "armedForcesStatus": "dcid:Civilian",
        "institutionalization": "dcid:USC_NonInstitutionalized",
        "typeOf": "dcs:StatisticalVariable"
    },
    "Uninsured Population!!Margin of Error!!AGE!!18 to 64 years!!18 to 24 years": {
        "Node": "dcid:MarginOfError_Count_Person_18To24Years_NoHealthInsurance",
        "measuredProperty": "dcid:count",
        "statType": "dcid:marginOfError",
        "populationType": "dcid:Person",
        "healthInsurance": "dcid:NoHealthInsurance",
        "age": "[18 24 Years]",
        "armedForcesStatus": "dcid:Civilian",
        "institutionalization": "dcid:USC_NonInstitutionalized",
        "typeOf": "dcs:StatisticalVariable"
    },
    "Uninsured Population!!Estimate!!AGE!!18 to 64 years!!25 to 34 years": {
        "Node": "dcid:Count_Person_25To34Years_NoHealthInsurance",
        "measuredProperty": "dcid:count",
        "statType": "dcid:measuredValue",
        "populationType": "dcid:Person",
        "healthInsurance": "dcid:NoHealthInsurance",
        "age": "[25 34 Years]",
        "armedForcesStatus": "dcid:Civilian",
        "institutionalization": "dcid:USC_NonInstitutionalized",
        "typeOf": "dcs:StatisticalVariable"
    },
    "Uninsured Population!!Margin of Error!!AGE!!18 to 64 years!!25 to 34 years": {
        "Node": "dcid:MarginOfError_Count_Person_25To34Years_NoHealthInsurance",
        "measuredProperty": "dcid:count",
        "statType": "dcid:marginOfError",
        "populationType": "dcid:Person",
        "healthInsurance": "dcid:NoHealthInsurance",
        "age": "[25 34 Years]",
        "armedForcesStatus": "dcid:Civilian",
        "institutionalization": "dcid:USC_NonInstitutionalized",
        "typeOf": "dcs:StatisticalVariable"
    },
    "Uninsured Population!!Estimate!!AGE!!18 to 64 years!!35 to 44 years": {
        "Node": "dcid:Count_Person_35To44Years_NoHealthInsurance",
        "measuredProperty": "dcid:count",
        "statType": "dcid:measuredValue",
        "populationType": "dcid:Person",
        "healthInsurance": "dcid:NoHealthInsurance",
        "age": "[35 44 Years]",
        "armedForcesStatus": "dcid:Civilian",
        "institutionalization": "dcid:USC_NonInstitutionalized",
        "typeOf": "dcs:StatisticalVariable"
    },
    "Uninsured Population!!Margin of Error!!AGE!!18 to 64 years!!35 to 44 years": {
        "Node": "dcid:MarginOfError_Count_Person_35To44Years_NoHealthInsurance",
        "measuredProperty": "dcid:count",
        "statType": "dcid:marginOfError",
        "populationType": "dcid:Person",
        "healthInsurance": "dcid:NoHealthInsurance",
        "age": "[35 44 Years]",
        "armedForcesStatus": "dcid:Civilian",
        "institutionalization": "dcid:USC_NonInstitutionalized",
        "typeOf": "dcs:StatisticalVariable"
    },
    "Uninsured Population!!Estimate!!AGE!!18 to 64 years!!45 to 54 years": {
        "Node": "dcid:Count_Person_45To54Years_NoHealthInsurance",
        "measuredProperty": "dcid:count",
        "statType": "dcid:measuredValue",
        "populationType": "dcid:Person",
        "healthInsurance": "dcid:NoHealthInsurance",
        "age": "[45 54 Years]",
        "armedForcesStatus": "dcid:Civilian",
        "institutionalization": "dcid:USC_NonInstitutionalized",
        "typeOf": "dcs:StatisticalVariable"
    },
    "Uninsured Population!!Margin of Error!!AGE!!18 to 64 years!!45 to 54 years": {
        "Node": "dcid:MarginOfError_Count_Person_45To54Years_NoHealthInsurance",
        "measuredProperty": "dcid:count",
        "statType": "dcid:marginOfError",
        "populationType": "dcid:Person",
        "healthInsurance": "dcid:NoHealthInsurance",
        "age": "[45 54 Years]",
        "armedForcesStatus": "dcid:Civilian",
        "institutionalization": "dcid:USC_NonInstitutionalized",
        "typeOf": "dcs:StatisticalVariable"
    },
    "Uninsured Population!!Estimate!!AGE!!18 to 64 years!!55 to 64 years": {
        "Node": "dcid:Count_Person_55To64Years_NoHealthInsurance",
        "measuredProperty": "dcid:count",
        "statType": "dcid:measuredValue",
        "populationType": "dcid:Person",
        "healthInsurance": "dcid:NoHealthInsurance",
        "age": "[55 64 Years]",
        "armedForcesStatus": "dcid:Civilian",
        "institutionalization": "dcid:USC_NonInstitutionalized",
        "typeOf": "dcs:StatisticalVariable"
    },
    "Uninsured Population!!Margin of Error!!AGE!!18 to 64 years!!55 to 64 years": {
        "Node": "dcid:MarginOfError_Count_Person_55To64Years_NoHealthInsurance",
        "measuredProperty": "dcid:count",
        "statType": "dcid:marginOfError",
        "populationType": "dcid:Person",
        "healthInsurance": "dcid:NoHealthInsurance",
        "age": "[55 64 Years]",
        "armedForcesStatus": "dcid:Civilian",
        "institutionalization": "dcid:USC_NonInstitutionalized",
        "typeOf": "dcs:StatisticalVariable"
    },
    "Uninsured Population!!Estimate!!AGE!!65 years and older": {
        "Node": "dcid:Count_Person_65OrMoreYears_NoHealthInsurance",
        "measuredProperty": "dcid:count",
        "statType": "dcid:measuredValue",
        "populationType": "dcid:Person",
        "healthInsurance": "dcid:NoHealthInsurance",
        "age": "[65 - Years]",
        "armedForcesStatus": "dcid:Civilian",
        "institutionalization": "dcid:USC_NonInstitutionalized",
        "typeOf": "dcs:StatisticalVariable"
    },
    "Uninsured Population!!Margin of Error!!AGE!!65 years and older": {
        "Node": "dcid:MarginOfError_Count_Person_65OrMoreYears_NoHealthInsurance",
        "measuredProperty": "dcid:count",
        "statType": "dcid:marginOfError",
        "populationType": "dcid:Person",
        "healthInsurance": "dcid:NoHealthInsurance",
        "age": "[65 - Years]",
        "armedForcesStatus": "dcid:Civilian",
        "institutionalization": "dcid:USC_NonInstitutionalized",
        "typeOf": "dcs:StatisticalVariable"
    },
    "Uninsured Population!!Estimate!!AGE!!65 years and older!!65 to 74 years": {
        "Node": "dcid:Count_Person_65To74Years_NoHealthInsurance",
        "measuredProperty": "dcid:count",
        "statType": "dcid:measuredValue",
        "populationType": "dcid:Person",
        "healthInsurance": "dcid:NoHealthInsurance",
        "age": "[65 74 Years]",
        "armedForcesStatus": "dcid:Civilian",
        "institutionalization": "dcid:USC_NonInstitutionalized",
        "typeOf": "dcs:StatisticalVariable"
    },
    "Uninsured Population!!Margin of Error!!AGE!!65 years and older!!65 to 74 years": {
        "Node": "dcid:MarginOfError_Count_Person_65To74Years_NoHealthInsurance",
        "measuredProperty": "dcid:count",
        "statType": "dcid:marginOfError",
        "populationType": "dcid:Person",
        "healthInsurance": "dcid:NoHealthInsurance",
        "age": "[65 74 Years]",
        "armedForcesStatus": "dcid:Civilian",
        "institutionalization": "dcid:USC_NonInstitutionalized",
        "typeOf": "dcs:StatisticalVariable"
    },
    "Uninsured Population!!Estimate!!AGE!!65 years and older!!75 years and older": {
        "Node": "dcid:Count_Person_75OrMoreYears_NoHealthInsurance",
        "measuredProperty": "dcid:count",
        "statType": "dcid:measuredValue",
        "populationType": "dcid:Person",
        "healthInsurance": "dcid:NoHealthInsurance",
        "age": "[75 - Years]",
        "armedForcesStatus": "dcid:Civilian",
        "institutionalization": "dcid:USC_NonInstitutionalized",
        "typeOf": "dcs:StatisticalVariable"
    },
    "Uninsured Population!!Margin of Error!!AGE!!65 years and older!!75 years and older": {
        "Node": "dcid:MarginOfError_Count_Person_75OrMoreYears_NoHealthInsurance",
        "measuredProperty": "dcid:count",
        "statType": "dcid:marginOfError",
        "populationType": "dcid:Person",
        "healthInsurance": "dcid:NoHealthInsurance",
        "age": "[75 - Years]",
        "armedForcesStatus": "dcid:Civilian",
        "institutionalization": "dcid:USC_NonInstitutionalized",
        "typeOf": "dcs:StatisticalVariable"
    },
    "Uninsured Population!!Estimate!!SEX!!Male": {
        "Node": "dcid:Count_Person_Male_NoHealthInsurance",
        "measuredProperty": "dcid:count",
        "statType": "dcid:measuredValue",
        "populationType": "dcid:Person",
        "healthInsurance": "dcid:NoHealthInsurance",
        "gender": "dcid:Male",
        "armedForcesStatus": "dcid:Civilian",
        "institutionalization": "dcid:USC_NonInstitutionalized",
        "typeOf": "dcs:StatisticalVariable"
    },
    "Uninsured Population!!Margin of Error!!SEX!!Male": {
        "Node": "dcid:MarginOfError_Count_Person_Male_NoHealthInsurance",
        "measuredProperty": "dcid:count",
        "statType": "dcid:marginOfError",
        "populationType": "dcid:Person",
        "healthInsurance": "dcid:NoHealthInsurance",
        "gender": "dcid:Male",
        "armedForcesStatus": "dcid:Civilian",
        "institutionalization": "dcid:USC_NonInstitutionalized",
        "typeOf": "dcs:StatisticalVariable"
    },
    "Uninsured Population!!Estimate!!SEX!!Female": {
        "Node": "dcid:Count_Person_Female_NoHealthInsurance",
        "measuredProperty": "dcid:count",
        "statType": "dcid:measuredValue",
        "populationType": "dcid:Person",
        "healthInsurance": "dcid:NoHealthInsurance",
        "gender": "dcid:Female",
        "armedForcesStatus": "dcid:Civilian",
        "institutionalization": "dcid:USC_NonInstitutionalized",
        "typeOf": "dcs:StatisticalVariable"
    },
    "Uninsured Population!!Margin of Error!!SEX!!Female": {
        "Node": "dcid:MarginOfError_Count_Person_Female_NoHealthInsurance",
        "measuredProperty": "dcid:count",
        "statType": "dcid:marginOfError",
        "populationType": "dcid:Person",
        "healthInsurance": "dcid:NoHealthInsurance",
        "gender": "dcid:Female",
        "armedForcesStatus": "dcid:Civilian",
        "institutionalization": "dcid:USC_NonInstitutionalized",
        "typeOf": "dcs:StatisticalVariable"
    },
    "Uninsured Population!!Estimate!!DISABILITY STATUS!!With a disability": {
        "Node": "dcid:Count_Person_NoHealthInsurance_WithDisability",
        "measuredProperty": "dcid:count",
        "statType": "dcid:measuredValue",
        "populationType": "dcid:Person",
        "healthInsurance": "dcid:NoHealthInsurance",
        "disabilityStatus": "dcid:WithDisability",
        "armedForcesStatus": "dcid:Civilian",
        "institutionalization": "dcid:USC_NonInstitutionalized",
        "typeOf": "dcs:StatisticalVariable"
    },
    "Uninsured Population!!Margin of Error!!DISABILITY STATUS!!With a disability": {
        "Node": "dcid:MarginOfError_Count_Person_WithDisability_NoHealthInsurance",
        "measuredProperty": "dcid:count",
        "statType": "dcid:marginOfError",
        "populationType": "dcid:Person",
        "healthInsurance": "dcid:NoHealthInsurance",
        "disabilityStatus": "dcid:WithDisability",
        "armedForcesStatus": "dcid:Civilian",
        "institutionalization": "dcid:USC_NonInstitutionalized",
        "typeOf": "dcs:StatisticalVariable"
    },
    "Uninsured Population!!Estimate!!DISABILITY STATUS!!No disability": {
        "Node": "dcid:Count_Person_NoHealthInsurance_NoDisability",
        "measuredProperty": "dcid:count",
        "statType": "dcid:measuredValue",
        "populationType": "dcid:Person",
        "healthInsurance": "dcid:NoHealthInsurance",
        "disabilityStatus": "dcid:NoDisability",
        "armedForcesStatus": "dcid:Civilian",
        "institutionalization": "dcid:USC_NonInstitutionalized",
        "typeOf": "dcs:StatisticalVariable"
    },
    "Uninsured Population!!Margin of Error!!DISABILITY STATUS!!No disability": {
        "Node": "dcid:MarginOfError_Count_Person_NoDisability_NoHealthInsurance",
        "measuredProperty": "dcid:count",
        "statType": "dcid:marginOfError",
        "populationType": "dcid:Person",
        "healthInsurance": "dcid:NoHealthInsurance",
        "disabilityStatus": "dcid:NoDisability",
        "armedForcesStatus": "dcid:Civilian",
        "institutionalization": "dcid:USC_NonInstitutionalized",
        "typeOf": "dcs:StatisticalVariable"
    },
    "Uninsured Population!!Estimate!!Civilian noninstitutionalized workers 16 years and over": {
        "Node": "dcid:Count_Person_NoHealthInsurance",
        "measuredProperty": "dcid:count",
        "statType": "dcid:measuredValue",
        "populationType": "dcid:Person",
        "healthInsurance": "dcid:NoHealthInsurance",
        "armedForcesStatus": "dcid:Civilian",
        "institutionalization": "dcid:USC_NonInstitutionalized",
        "typeOf": "dcs:StatisticalVariable"
    },
    "Uninsured Population!!Margin of Error!!Civilian noninstitutionalized workers 16 years and over": {
        "Node": "dcid:MarginOfError_Count_Person_NoHealthInsurance",
        "measuredProperty": "dcid:count",
        "statType": "dcid:marginOfError",
        "populationType": "dcid:Person",
        "healthInsurance": "dcid:NoHealthInsurance",
        "armedForcesStatus": "dcid:Civilian",
        "institutionalization": "dcid:USC_NonInstitutionalized",
        "typeOf": "dcs:StatisticalVariable"
    },
    "Uninsured Population!!Estimate!!EARNINGS IN THE PAST 12 MONTHS (IN 2013 INFLATION ADJUSTED DOLLARS)!!Civilian noninstitutionalized population 16 years and over with earnings": {
        "Node": "dcid:Count_Person_16OrMoreYears_NoHealthInsurance_WithEarnings",
        "measuredProperty": "dcid:count",
        "statType": "dcid:measuredValue",
        "populationType": "dcid:Person",
        "healthInsurance": "dcid:NoHealthInsurance",
        "armedForcesStatus": "dcid:Civilian",
        "institutionalization": "dcid:USC_NonInstitutionalized",
        "age": "[16 - Years]",
        "incomeStatus": "dcid:WithEarnings",
        "typeOf": "dcs:StatisticalVariable"
    },
    "Uninsured Population!!Margin of Error!!EARNINGS IN THE PAST 12 MONTHS (IN 2013 INFLATION ADJUSTED DOLLARS)!!Civilian noninstitutionalized population 16 years and over with earnings": {
        "Node": "dcid:MarginOfError_Count_Person_16OrMoreYears_NoHealthInsurance_WithEarnings",
        "measuredProperty": "dcid:count",
        "statType": "dcid:marginOfError",
        "populationType": "dcid:Person",
        "healthInsurance": "dcid:NoHealthInsurance",
        "armedForcesStatus": "dcid:Civilian",
        "institutionalization": "dcid:USC_NonInstitutionalized",
        "age": "[16 - Years]",
        "incomeStatus": "dcid:WithEarnings",
        "typeOf": "dcs:StatisticalVariable"
    },
    "Uninsured Population!!Estimate!!$1 to $4,999 or loss": {
        "Node": "dcid:Count_Person_4999OrLessUSDollar_NoHealthInsurance_WithEarnings",
        "measuredProperty": "dcid:count",
        "statType": "dcid:measuredValue",
        "populationType": "dcid:Person",
        "healthInsurance": "dcid:NoHealthInsurance",
        "armedForcesStatus": "dcid:Civilian",
        "institutionalization": "dcid:USC_NonInstitutionalized",
        "age": "[16 - Years]",
        "incomeStatus": "dcid:WithEarnings",
        "earnings": "[- 4999 USDollar]",
        "typeOf": "dcs:StatisticalVariable"
    },
    "Uninsured Population!!Margin of Error!!$1 to $4,999 or loss": {
        "Node": "dcid:MarginOfError_Count_Person_4999OrLessUSDollar_NoHealthInsurance_WithEarnings",
        "measuredProperty": "dcid:count",
        "statType": "dcid:marginOfError",
        "populationType": "dcid:Person",
        "healthInsurance": "dcid:NoHealthInsurance",
        "armedForcesStatus": "dcid:Civilian",
        "institutionalization": "dcid:USC_NonInstitutionalized",
        "age": "[16 - Years]",
        "incomeStatus": "dcid:WithEarnings",
        "earnings": "[- 4999 USDollar]",
        "typeOf": "dcs:StatisticalVariable"
    },
    "Uninsured Population!!Estimate!!$5,000 to $14,999": {
        "Node": "dcid:Count_Person_5000To14999USDollar_NoHealthInsurance_WithEarnings",
        "measuredProperty": "dcid:count",
        "statType": "dcid:measuredValue",
        "populationType": "dcid:Person",
        "healthInsurance": "dcid:NoHealthInsurance",
        "armedForcesStatus": "dcid:Civilian",
        "institutionalization": "dcid:USC_NonInstitutionalized",
        "age": "[16 - Years]",
        "incomeStatus": "dcid:WithEarnings",
        "earnings": "[5000 14999 USDollar]",
        "typeOf": "dcs:StatisticalVariable"
    },
    "Uninsured Population!!Margin of Error!!$5,000 to $14,999": {
        "Node": "dcid:MarginOfError_Count_Person_5000To14999USDollar_NoHealthInsurance_WithEarnings",
        "measuredProperty": "dcid:count",
        "statType": "dcid:marginOfError",
        "populationType": "dcid:Person",
        "healthInsurance": "dcid:NoHealthInsurance",
        "armedForcesStatus": "dcid:Civilian",
        "institutionalization": "dcid:USC_NonInstitutionalized",
        "age": "[16 - Years]",
        "incomeStatus": "dcid:WithEarnings",
        "earnings": "[5000 14999 USDollar]",
        "typeOf": "dcs:StatisticalVariable"
    },
    "Uninsured Population!!Estimate!!$15,000 to $24,999": {
        "Node": "dcid:Count_Person_15000To24999USDollar_NoHealthInsurance_WithEarnings",
        "measuredProperty": "dcid:count",
        "statType": "dcid:measuredValue",
        "populationType": "dcid:Person",
        "healthInsurance": "dcid:NoHealthInsurance",
        "armedForcesStatus": "dcid:Civilian",
        "institutionalization": "dcid:USC_NonInstitutionalized",
        "age": "[16 - Years]",
        "incomeStatus": "dcid:WithEarnings",
        "earnings": "[15000 24999 USDollar]",
        "typeOf": "dcs:StatisticalVariable"
    },
    "Uninsured Population!!Margin of Error!!$15,000 to $24,999": {
        "Node": "dcid:MarginOfError_Count_Person_15000To24999USDollar_NoHealthInsurance_WithEarnings",
        "measuredProperty": "dcid:count",
        "statType": "dcid:marginOfError",
        "populationType": "dcid:Person",
        "healthInsurance": "dcid:NoHealthInsurance",
        "armedForcesStatus": "dcid:Civilian",
        "institutionalization": "dcid:USC_NonInstitutionalized",
        "age": "[16 - Years]",
        "incomeStatus": "dcid:WithEarnings",
        "earnings": "[15000 24999 USDollar]",
        "typeOf": "dcs:StatisticalVariable"
    },
    "Uninsured Population!!Estimate!!$25,000 to $34,999": {
        "Node": "dcid:Count_Person_25000To34999USDollar_NoHealthInsurance_WithEarnings",
        "measuredProperty": "dcid:count",
        "statType": "dcid:measuredValue",
        "populationType": "dcid:Person",
        "healthInsurance": "dcid:NoHealthInsurance",
        "armedForcesStatus": "dcid:Civilian",
        "institutionalization": "dcid:USC_NonInstitutionalized",
        "age": "[16 - Years]",
        "incomeStatus": "dcid:WithEarnings",
        "earnings": "[25000 34999 USDollar]",
        "typeOf": "dcs:StatisticalVariable"
    },
    "Uninsured Population!!Margin of Error!!$25,000 to $34,999": {
        "Node": "dcid:MarginOfError_Count_Person_25000To34999USDollar_NoHealthInsurance_WithEarnings",
        "measuredProperty": "dcid:count",
        "statType": "dcid:marginOfError",
        "populationType": "dcid:Person",
        "healthInsurance": "dcid:NoHealthInsurance",
        "armedForcesStatus": "dcid:Civilian",
        "institutionalization": "dcid:USC_NonInstitutionalized",
        "age": "[16 - Years]",
        "incomeStatus": "dcid:WithEarnings",
        "earnings": "[25000 34999 USDollar]",
        "typeOf": "dcs:StatisticalVariable"
    },
    "Uninsured Population!!Estimate!!$35,000 to $49,999": {
        "Node": "dcid:Count_Person_35000To49999USDollar_NoHealthInsurance_WithEarnings",
        "measuredProperty": "dcid:count",
        "statType": "dcid:measuredValue",
        "populationType": "dcid:Person",
        "healthInsurance": "dcid:NoHealthInsurance",
        "armedForcesStatus": "dcid:Civilian",
        "institutionalization": "dcid:USC_NonInstitutionalized",
        "age": "[16 - Years]",
        "incomeStatus": "dcid:WithEarnings",
        "earnings": "[35000 49999 USDollar]",
        "typeOf": "dcs:StatisticalVariable"
    },
    "Uninsured Population!!Margin of Error!!$35,000 to $49,999": {
        "Node": "dcid:MarginOfError_Count_Person_35000To49999USDollar_NoHealthInsurance_WithEarnings",
        "measuredProperty": "dcid:count",
        "statType": "dcid:marginOfError",
        "populationType": "dcid:Person",
        "healthInsurance": "dcid:NoHealthInsurance",
        "armedForcesStatus": "dcid:Civilian",
        "institutionalization": "dcid:USC_NonInstitutionalized",
        "age": "[16 - Years]",
        "incomeStatus": "dcid:WithEarnings",
        "earnings": "[35000 49999 USDollar]",
        "typeOf": "dcs:StatisticalVariable"
    },
    "Uninsured Population!!Estimate!!$50,000 to $74,999": {
        "Node": "dcid:Count_Person_50000To74999USDollar_NoHealthInsurance_WithEarnings",
        "measuredProperty": "dcid:count",
        "statType": "dcid:measuredValue",
        "populationType": "dcid:Person",
        "healthInsurance": "dcid:NoHealthInsurance",
        "armedForcesStatus": "dcid:Civilian",
        "institutionalization": "dcid:USC_NonInstitutionalized",
        "age": "[16 - Years]",
        "incomeStatus": "dcid:WithEarnings",
        "earnings": "[50000 74999 USDollar]",
        "typeOf": "dcs:StatisticalVariable"
    },
    "Uninsured Population!!Margin of Error!!$50,000 to $74,999": {
        "Node": "dcid:MarginOfError_Count_Person_50000To74999USDollar_NoHealthInsurance_WithEarnings",
        "measuredProperty": "dcid:count",
        "statType": "dcid:marginOfError",
        "populationType": "dcid:Person",
        "healthInsurance": "dcid:NoHealthInsurance",
        "armedForcesStatus": "dcid:Civilian",
        "institutionalization": "dcid:USC_NonInstitutionalized",
        "age": "[16 - Years]",
        "incomeStatus": "dcid:WithEarnings",
        "earnings": "[50000 74999 USDollar]",
        "typeOf": "dcs:StatisticalVariable"
    },
    "Uninsured Population!!Estimate!!$75,000 or more": {
        "Node": "dcid:Count_Person_75000OrMoreUSDollar_NoHealthInsurance_WithEarnings",
        "measuredProperty": "dcid:count",
        "statType": "dcid:measuredValue",
        "populationType": "dcid:Person",
        "healthInsurance": "dcid:NoHealthInsurance",
        "armedForcesStatus": "dcid:Civilian",
        "institutionalization": "dcid:USC_NonInstitutionalized",
        "age": "[16 - Years]",
        "incomeStatus": "dcid:WithEarnings",
        "earnings": "[75000 - USDollar]",
        "typeOf": "dcs:StatisticalVariable"
    },
    "Uninsured Population!!Margin of Error!!$75,000 or more": {
        "Node": "dcid:MarginOfError_Count_Person_75000OrMoreUSDollar_NoHealthInsurance_WithEarnings",
        "measuredProperty": "dcid:count",
        "statType": "dcid:marginOfError",
        "populationType": "dcid:Person",
        "healthInsurance": "dcid:NoHealthInsurance",
        "armedForcesStatus": "dcid:Civilian",
        "institutionalization": "dcid:USC_NonInstitutionalized",
        "age": "[16 - Years]",
        "incomeStatus": "dcid:WithEarnings",
        "earnings": "[75000 - USDollar]",
        "typeOf": "dcs:StatisticalVariable"
    },
    "Uninsured Population!!Estimate!!Median earnings (dollars)": {
        "Node": "dcid:Median_Earnings_Person_NoHealthInsurance",
        "measuredProperty": "dcid:earnings",
        "statType": "dcid:medianValue",
        "unit": "USDollar",
        "populationType": "dcid:Person",
        "healthInsurance": "dcid:NoHealthInsurance",
        "armedForcesStatus": "dcid:Civilian",
        "institutionalization": "dcid:USC_NonInstitutionalized",
        "age": "[16 - Years]",
        "incomeStatus": "dcid:WithEarnings",
        "typeOf": "dcs:StatisticalVariable"
    },
    "Uninsured Population!!Margin of Error!!Median earnings (dollars)": {
        "Node": "dcid:MarginOfError_Count_Person_16OrMoreYears_NoHealthInsurance_WithEarnings",
        "measuredProperty": "dcid:count",
        "statType": "dcid:marginOfError",
        "populationType": "dcid:Person",
        "healthInsurance": "dcid:NoHealthInsurance",
        "armedForcesStatus": "dcid:Civilian",
        "institutionalization": "dcid:USC_NonInstitutionalized",
        "age": "[16 - Years]",
        "incomeStatus": "dcid:WithEarnings",
        "typeOf": "dcs:StatisticalVariable"
    },
    "Estimate!!Median earnings (dollars) for male!!Civilian employed population 16 years and over with earnings": {
        "Node": "dcid:Count_Person",
        "measuredProperty": "dcid:count",
        "statType": "dcid:measuredValue",
        "populationType": "dcid:Person",
        "typeOf": "dcs:StatisticalVariable"
    },
    "Estimate!!Women's earnings as a percentage of men's earning!!Civilian employed population 16 years and over with earnings": {
        "Node": "dcid:Count_Person",
        "measuredProperty": "dcid:count",
        "statType": "dcid:measuredValue",
        "populationType": "dcid:Person",
        "typeOf": "dcs:StatisticalVariable"
    }
}