"siteName","epaId","siteScore","regionCode","dcid","location","containedInPlace","establishmentOwnership"
"Mid-Atlantic Wood Preservers Inc.","MDD064882889",42.31,3,"epaSuperfundSiteId/MDD064882889","[latLong 39.163611 -76.698331]","zip/21077, geoId/2402, geoId/2400390008, geoId/24003751200, geoId/24003, geoId/24","PrivatelyOwned"
