observationAbout,observationDate,variableMeasured,value
epaSuperfundSiteId/MDD064882889,2021,dcid:SuperfundFundingStatus_SuperfundSite,dcs:DeletedNPLSite
epaSuperfundSiteId/MDD064882889,1984-10-15,dcid:SuperfundFundingStatus_SuperfundSite,dcs:ProposedNPLSite
epaSuperfundSiteId/MDD064882889,1986-06-10,dcid:SuperfundFundingStatus_SuperfundSite,dcs:FinalNPLSite
epaSuperfundSiteId/MDD064882889,2000-07-18,dcid:SuperfundFundingStatus_SuperfundSite,dcs:DeletedNPLSite