Sequence,chembl,uniprot,name,dcid
AETDEDHAHWLEARMLLDNIYLQDGLIASLYRPEADKVAAIEGEFKLRTEQRKTFVELMKRGDLPV,CHEMBL4523954,A0A024AXB9,genome_polyprotein,bio/CHEMBL4523954
MAVRELPGAWNFRDVADTATALRPGRLFRSSELSRLDDAGRATLRRLGITDVADLRSSREVARRGPGRVPDGIDVHLLPFPDLADDDADDSAPHETAFKRLLTNDGSNGESGESSQSINDAATRYMTDEYRQFPTRNGAQRALHRVVTLLAAGRPVLTHCFAGKDRTGFVVALVLEAVGLDRDVIVADYLRSNDSVPQLRARISEMIQQRFDTELAPEVVTFTKARLSDGVLGVRAEYLAAARQTIDETYGSLGGYLRDAGISQATVNRMRGVLLG,CHEMBL4295521,A0A045ISB3,phosphotyrosine_protein_phosphatase,bio/CHEMBL4295521
MSGRPRTTSFAESCKPVQQPSAFGSMKVSRDKDGSKVTTVVATPGQGPDRPQEVSYTDTKVIGNGSFGVVYQAKLCDSGELVAIKKVLQDKRFKNRELQIMRKLDHCNIVRLRYFFYSSGEKKDEVYLNLVLDYVPETVYRVARHYSRAKQTLPVIYVKLYMYQLFRSLAYIHSFGICHRDIKPQNLLLDPDTAVLKLCDFGSAKQLVRGEPNVSYICSRYYRAPELIFGATDYTSSIDVWSAGCVLAELLLGQPIFPGDSGVDQLVEIIKVLGTPTREQIREMNPNYTEFKFPQIKAHPWTKVFRPRTPPEAIALCSRLLEYTPTARLTPLEACAHSFFDELRDPNVKLPNGRDTPALFNFTTQELSSNPPLATILIPPHARIQAAASTPSNTTAASDANAGDRGQTeNNAASASASDS,CHEMBL3638364,A0A059UE90,glycogen_synthase_kinase-3_beta,bio/CHEMBL3638364
MWAVLPLLCAGAWLLGAPACGAAELAVNSLEKFHFQSWMVQHQKKYSSEEYHHRLQVFASNLREINAHNARNHTFKMGLNQFSDMSFAELKRKYLWSEPQNCSATKSNYLRGTGPYPPSMDWREKGNFVTPVKNQGSCGSCWTFSTTGALESAVAIATGKLPFLAEQQLVDCAQNFNNHGCQGGLPSQAFEYIRYNKGIMGEDTYPYRGQDGDCKYQPSKAIAFVKDVANITLNDEEAMVEAVALYNPVSFAFEVTADFMMYRKGIYSSTSCHKTPDKVNHAVLAVGYGEEKGIPYWIVKNSWGPHWGMKGYFLIERGKNMCGLAACASFPIPLV,CHEMBL3309115,A0A060INS8,cathepsin_h,bio/CHEMBL3309115
MPIHNLNHVNMFLQVIASGSISSAARILRKSHTAVSSAVSNLEIDLCVELVRRDGYKVEPTEQALRLIPYMRSLLNYQQLIGDIAFNLNKGPRNLRVLLDTAIPPSFCDTVSSVLLDDFNMVSLIRTSPADSLATIKQDNAEIDIAITIDEELKISRFNQCVLGYTKAFVVAHPQHPLCNASLHSIASLANYRQISLGSRSGQHSNLLRPVSDKVLFVENFDDMLRLVEAGVGWGIAPHYFVEERLRNGTLAVLSELYEPGGIDTKVYCYYNTALESERSFLRFLESARQRLRELGRQRFDDAPAWQPSIVETAQRRSGPKALAYRQRAAPE,CHEMBL2424500,A0A072ZLE6,lysr_family_transcriptional_regulator,bio/CHEMBL2424500
MVYDLIVIGGGSGGMAAARRAARNKAKVALVEKSYLGGTCVNVGCVPKKIMFNAASIHDILQNSRHYGFDTRFTFNLPQLVERRDKYIRRLNDIYRNNLKNDNVEIYEGTASLLSERKVLIKSKNASENDEKNNEIIEGKNILIAVGNAPVFPPVKGVEHTISSDEFFDIKEAKRIGIIGSGYIAVELINVIKRLGIEAYIFARGKRLLRKFDESVVNELENDMKKNNINIITMANVEEIEKVHDKNLTIYLNDGRKFENLDYVIYCVGRSPNTKNLNLEKLNITTKNDYIIVDDNQRTNLKNIFAVGDCCMVKKGKELEDLNLLKLYNEQVYLNNKKNDTGDSYYNVQLTPVAINAGRLLADRMFLNKTRKTNYSLIPTVIFSHPPIGTIGLSEEEAINTYGKENVKIYESKFTNLFFSVYDMDPSQKEKTYIKLVCVGKEELIKGLHIIGLNADEIIQGFAVALKMNATKKDFDETIPIHPTAAEELVTLHPWMK,CHEMBL2052037,A0A077YEX9,glutathione_reductase_putative,bio/CHEMBL2052037
MLSANQTVSEISPTHGCRHVAIIMDGNGRWAKRQGKIRAFGHKAGAKSVRRAVSFAANNGIEALTLYAFSSENWNRPAQEVSALMELFVWALDSEVKSLHRHNVRLRIIGDTTRFNARLQERIRKAEALTANNTGLTLNIAANYGGRWDITQGVRLLAKQVQDGTLLPEQITEDMLSQQVCMHELAPVDLVIRTGGEHRISNFLIWQIAYAELYFTDVLWPDFAEQDFEGALHAFVNRERRFGGTEPGGSHA,CHEMBL4523936,A0A080SPQ8,ditranspolycis-undecaprenyl-diphosphate_synthase_(-farnesyl-diphosphate_specific),bio/CHEMBL4523936
MSNSYDSSSIKVLKGLDAVRKRPGMYIGDTDDGTGLHHMVFEVVDNAIDEALAGYCKDIVVTIHSDNSVSVQDDGRGIPTGIHPEEGVSAAEVIMTVLHAGGKFDDNSYKVSGGLHGVGVSVVNALSQKLELVIQRDNKVHKQMYEHGVPQAPLAVTGETDKTGTMVRFWPSLETFTNVTEFEYDILAKRLRELSFLNSGVSIRLRDKRDGKEDHFHYEGGIKAFVEYLNKNKTPIHPNIFYFSTEKDGIGVEVALQWNDGFQENIYCFTNNIPQRDGGTHLAGFRAAMTRTLNAYMDKEGYSKKAKVSATGDDAREGLIAVVSVKVPDPKFSSQTKDKLVSSEVKSAVEQQMNELLSEYLLENPSDAKIVVGKIIDAARAREAARRAREMTRRKGALDLAGLPGKLADCQERDPALSELYLVEGDSAGGSAKQGRNRKNQAILPLKGKILNVEKARFDKMLSSQEVATLITALGCGIGRDEYNPDKLRYHSIIIMTDADVDGSHIRTLLLTFFYRQMPEIVERGHVYIAQPPLYKVKKGKQEQYIKDDEAMDQYQISIALDGATLHTNANAPALAGEPLEKLVAEFNATQKMIGRMERRFPKALLKELIYQPTLTEADLADEQKVTRWVNTLVSELNEKEQHGSQWKFDLHENKELQHFEPVIRVRTHGVDTDYPLDNEFIMGPEYRRICALGEKLRGLMEEDAYIERGERRQPVASFEQALDWLVKESRRGLSIQRYKGLGEMNPDQLWETTMDPDSRRMLRVTVKDAIAADQLFTTLMGDAVEPRRAFIEENALKAANIDI,CHEMBL4524002,A0A080SQT2,dna_gyrase_subunit_b,bio/CHEMBL4524002
MGLEALVPLAMIVAIFLLLVDLMHRHQRWAARYPPGPLPLPGLGNLLHVDFQNTPYCFDQLRRRFGDVFSLQLAWTPVVVLNGLAAVREAMVTRGEDTADRPPAPIYQVLGFGPRSQGVILSRYGPAWREQRRFSVSTLRNLGLGKKSLEQWVTEEAACLCAAFADQAGRPFRPNGLLDKAVSNVIASLTCGRRFEYDDPRFLRLLDLAQEGLKEESGFLREVLNAVPVLPHIPALAGKVLRFQKAFLTQLDELLTEHRMTWDPAQPPRDLTEAFLAKKEKAKGSPESSFNDENLRIVVGNLFLAGMVTTSTTLAWGLLLMILHLDVQRGRRVSPGCPIVGTHVCPVRVQQEIDDVIGQVRRPEMGDQAHMPCTTAVIHEVQHFGDIVPLGVTHMTSRDIEVQGFRIPKGTTLITNLSSVLKDEAVWKKPFRFHPEHFLDAQGHFVKPEAFLPFSAGRRACLGEPLARMELFLFFTSLLQHFSFSVAAGQPRPSHSRVVSFLVTPSPYELCAVPR,CHEMBL3542437,A0A087X1C5,putative_cytochrome_p450_2d7,bio/CHEMBL3542437
MAIISTLLPPLETLPLYAALAFAVFVAINILNQLIGPKNPKEPPVVFSWVPFLGNAVEFGMNPINFLKECQKKYGDVFTFYMVGRRVTVFLGAEGNQFVFNAKQNLASAAEAYNHMTKYVFGPEVVYDAPHSVFMEQKRFIKAGLHSEAFRQHVPMIVEEVENFFKDFKRPTGLFDAYHTLGKLIICTASRCLMGKEIRASLDDSVAGLYYDLDQGFQPLNFIFPNLPLPSYRKRDEARRKMAELYSSIIARRRAENDNSNMDLLQALMDSTYKDGTPLPDHHIAGMMIAVLFGGQHTSATTSAWTLLELAARPDLIRALREEQITKLGSLKADLTFDNLKELTLLDSCVRETLRLHPPIFQMMRRVVSDKVVYEKTGHEIPKGNFLCAAPGVTQIDEQYFNEPLKYDPMRWINLTDPVHKMEVGDDSNIDYGFGAVGISSKNPFLPFGAGRHRCIGEQFGYLQIKAILATMIRMFDIELEEGKGVPKPDYTSMVIVPERPSNIKYTWRE,CHEMBL3390825,A0A0A1P6P0,lanosterol_14-alpha_demethylase,bio/CHEMBL3390825
