Sequence,chembl,uniprot,name,dcid
MSYSLYLAFVCLNLLAQRMCIQGNQFNVEVSRSDKLSLPGFENLTAGYNKFLRPNFGGDPVRIALTLDIASISSISESNMDYTATIYLRQRWTDPRLVFEGNKSFTLDARLVEFLWVPDTYIVESKKSFLHEVTVGNRLIRLFSNGTVLYALRITTTVTCNMDLSKYPMDTQTCKLQLESWGYDGNDVEFSWLRGNDSVRGLENLRLAQYTIQQYFTLVTVSQQETGNYTRLVLQFELRRNVLYFILETYVPSTFLVVLSWVSFWISLESVPARTCIGVTTVLSMTTLMIGSRTSLPNTNCFIKAIDVYLGICFSFVFGALLEYAVAHYSSLQQMAVKDRGPAKDSEEVNITNIINSSISSFKRKISFASIEISGDNVNYSDLTMKASDKFKFVFREKIGRIIDYFTIQNPSNVDRYSKLLFPLIFMLANVFYWAYYMYF,CHEMBL1907607,O09028,gamma-aminobutyric,bio/CHEMBL1907607
MSYSLYLAFVCLNLLAQRMCIQGNQFNVEVSRSDKLSLPGFENLTAGYNKFLRPNFGGDPVRIALTLDIASISSISESNMDYTATIYLRQRWTDPRLVFEGNKSFTLDARLVEFLWVPDTYIVESKKSFLHEVTVGNRLIRLFSNGTVLYALRITTTVTCNMDLSKYPMDTQTCKLQLESWGYDGNDVEFSWLRGNDSVRGLENLRLAQYTIQQYFTLVTVSQQETGNYTRLVLQFELRRNVLYFILETYVPSTFLVVLSWVSFWISLESVPARTCIGVTTVLSMTTLMIGSRTSLPNTNCFIKAIDVYLGICFSFVFGALLEYAVAHYSSLQQMAVKDRGPAKDSEEVNITNIINSSISSFKRKISFASIEISGDNVNYSDLTMKASDKFKFVFREKIGRIIDYFTIQNPSNVDRYSKLLFPLIFMLANVFYWAYYMYF,CHEMBL2096683,O09028,gamma-aminobutyric,bio/CHEMBL2096683
MEPWPLLLLFSLCSAGLVLGSEHETRLVAKLFKDYSSVVRPVEDHRQVVEVTVGLQLIQLINVDEVNQIVTTNVRLKQGDMVDLPRPSCVTLGVPLFSHLQNEQWVDYNLKWNPDDYGGVKKIHIPSEKIWRPDLVLYNNADGDFAIVKFTKVLLQYTGHITWTPPAIFKSYCEIIVTHFPFDEQNCSMKLGTWTYDGSVVAINPESDQPDLSNFMESGEWVIKESRGWKHSVTYSCCPDTPYLDITYHFVMQRLPLYFIVNVIIPCLLFSFLTGLVFYLPTDSGEKMTLSISVLLSLTVFLLVIVELIPSTSSAVPLIGKYMLFTMVFVIASIIITVIVINTHHRSPSTHVMPNWVRKVFIDTIPNIMFFSTMKRPSREKQDKKIFTEDIDISDISGKPGPPPMGFHSPLIKHPEVKSAIEGIKYIAETMKSDQESNNAAAEWKYVAMVMDHILLGVFMLVCIIGTLAVFAGRLIELNQQG,CHEMBL4524133,P02708,acetylcholine,bio/CHEMBL4524133
MEPWPLLLLFSLCSAGLVLGSEHETRLVAKLFKDYSSVVRPVEDHRQVVEVTVGLQLIQLINVDEVNQIVTTNVRLKQGDMVDLPRPSCVTLGVPLFSHLQNEQWVDYNLKWNPDDYGGVKKIHIPSEKIWRPDLVLYNNADGDFAIVKFTKVLLQYTGHITWTPPAIFKSYCEIIVTHFPFDEQNCSMKLGTWTYDGSVVAINPESDQPDLSNFMESGEWVIKESRGWKHSVTYSCCPDTPYLDITYHFVMQRLPLYFIVNVIIPCLLFSFLTGLVFYLPTDSGEKMTLSISVLLSLTVFLLVIVELIPSTSSAVPLIGKYMLFTMVFVIASIIITVIVINTHHRSPSTHVMPNWVRKVFIDTIPNIMFFSTMKRPSREKQDKKIFTEDIDISDISGKPGPPPMGFHSPLIKHPEVKSAIEGIKYIAETMKSDQESNNAAAEWKYVAMVMDHILLGVFMLVCIIGTLAVFAGRLIELNQQG,CHEMBL4808,P02708,acetylcholine,bio/CHEMBL4808
MEPWPLLLLFSLCSAGLVLGSEHETRLVAKLFKDYSSVVRPVEDHRQVVEVTVGLQLIQLINVDEVNQIVTTNVRLKQGDMVDLPRPSCVTLGVPLFSHLQNEQWVDYNLKWNPDDYGGVKKIHIPSEKIWRPDLVLYNNADGDFAIVKFTKVLLQYTGHITWTPPAIFKSYCEIIVTHFPFDEQNCSMKLGTWTYDGSVVAINPESDQPDLSNFMESGEWVIKESRGWKHSVTYSCCPDTPYLDITYHFVMQRLPLYFIVNVIIPCLLFSFLTGLVFYLPTDSGEKMTLSISVLLSLTVFLLVIVELIPSTSSAVPLIGKYMLFTMVFVIASIIITVIVINTHHRSPSTHVMPNWVRKVFIDTIPNIMFFSTMKRPSREKQDKKIFTEDIDISDISGKPGPPPMGFHSPLIKHPEVKSAIEGIKYIAETMKSDQESNNAAAEWKYVAMVMDHILLGVFMLVCIIGTLAVFAGRLIELNQQG,CHEMBL3885508,P02708,acetylcholine,bio/CHEMBL3885508
MEPWPLLLLFSLCSAGLVLGSEHETRLVAKLFKDYSSVVRPVEDHRQVVEVTVGLQLIQLINVDEVNQIVTTNVRLKQGDMVDLPRPSCVTLGVPLFSHLQNEQWVDYNLKWNPDDYGGVKKIHIPSEKIWRPDLVLYNNADGDFAIVKFTKVLLQYTGHITWTPPAIFKSYCEIIVTHFPFDEQNCSMKLGTWTYDGSVVAINPESDQPDLSNFMESGEWVIKESRGWKHSVTYSCCPDTPYLDITYHFVMQRLPLYFIVNVIIPCLLFSFLTGLVFYLPTDSGEKMTLSISVLLSLTVFLLVIVELIPSTSSAVPLIGKYMLFTMVFVIASIIITVIVINTHHRSPSTHVMPNWVRKVFIDTIPNIMFFSTMKRPSREKQDKKIFTEDIDISDISGKPGPPPMGFHSPLIKHPEVKSAIEGIKYIAETMKSDQESNNAAAEWKYVAMVMDHILLGVFMLVCIIGTLAVFAGRLIELNQQG,CHEMBL1907588,P02708,acetylcholine,bio/CHEMBL1907588
MEPWPLLLLFSLCSAGLVLGSEHETRLVAKLFKDYSSVVRPVEDHRQVVEVTVGLQLIQLINVDEVNQIVTTNVRLKQGDMVDLPRPSCVTLGVPLFSHLQNEQWVDYNLKWNPDDYGGVKKIHIPSEKIWRPDLVLYNNADGDFAIVKFTKVLLQYTGHITWTPPAIFKSYCEIIVTHFPFDEQNCSMKLGTWTYDGSVVAINPESDQPDLSNFMESGEWVIKESRGWKHSVTYSCCPDTPYLDITYHFVMQRLPLYFIVNVIIPCLLFSFLTGLVFYLPTDSGEKMTLSISVLLSLTVFLLVIVELIPSTSSAVPLIGKYMLFTMVFVIASIIITVIVINTHHRSPSTHVMPNWVRKVFIDTIPNIMFFSTMKRPSREKQDKKIFTEDIDISDISGKPGPPPMGFHSPLIKHPEVKSAIEGIKYIAETMKSDQESNNAAAEWKYVAMVMDHILLGVFMLVCIIGTLAVFAGRLIELNQQG,CHEMBL2362997,P02708,acetylcholine,bio/CHEMBL2362997
MEPWPLLLLFSLCSAGLVLGSEHETRLVAKLFKDYSSVVRPVEDHRQVVEVTVGLQLIQLINVDEVNQIVTTNVRLKQGDMVDLPRPSCVTLGVPLFSHLQNEQWVDYNLKWNPDDYGGVKKIHIPSEKIWRPDLVLYNNADGDFAIVKFTKVLLQYTGHITWTPPAIFKSYCEIIVTHFPFDEQNCSMKLGTWTYDGSVVAINPESDQPDLSNFMESGEWVIKESRGWKHSVTYSCCPDTPYLDITYHFVMQRLPLYFIVNVIIPCLLFSFLTGLVFYLPTDSGEKMTLSISVLLSLTVFLLVIVELIPSTSSAVPLIGKYMLFTMVFVIASIIITVIVINTHHRSPSTHVMPNWVRKVFIDTIPNIMFFSTMKRPSREKQDKKIFTEDIDISDISGKPGPPPMGFHSPLIKHPEVKSAIEGIKYIAETMKSDQESNNAAAEWKYVAMVMDHILLGVFMLVCIIGTLAVFAGRLIELNQQG,CHEMBL3038458,P02708,acetylcholine,bio/CHEMBL3038458
MEPWPLLLLFSLCSAGLVLGSEHETRLVAKLFKDYSSVVRPVEDHRQVVEVTVGLQLIQLINVDEVNQIVTTNVRLKQGDMVDLPRPSCVTLGVPLFSHLQNEQWVDYNLKWNPDDYGGVKKIHIPSEKIWRPDLVLYNNADGDFAIVKFTKVLLQYTGHITWTPPAIFKSYCEIIVTHFPFDEQNCSMKLGTWTYDGSVVAINPESDQPDLSNFMESGEWVIKESRGWKHSVTYSCCPDTPYLDITYHFVMQRLPLYFIVNVIIPCLLFSFLTGLVFYLPTDSGEKMTLSISVLLSLTVFLLVIVELIPSTSSAVPLIGKYMLFTMVFVIASIIITVIVINTHHRSPSTHVMPNWVRKVFIDTIPNIMFFSTMKRPSREKQDKKIFTEDIDISDISGKPGPPPMGFHSPLIKHPEVKSAIEGIKYIAETMKSDQESNNAAAEWKYVAMVMDHILLGVFMLVCIIGTLAVFAGRLIELNQQG,CHEMBL3038459,P02708,acetylcholine,bio/CHEMBL3038459
MEPWPLLLLFSLCSAGLVLGSEHETRLVAKLFKDYSSVVRPVEDHRQVVEVTVGLQLIQLINVDEVNQIVTTNVRLKQGDMVDLPRPSCVTLGVPLFSHLQNEQWVDYNLKWNPDDYGGVKKIHIPSEKIWRPDLVLYNNADGDFAIVKFTKVLLQYTGHITWTPPAIFKSYCEIIVTHFPFDEQNCSMKLGTWTYDGSVVAINPESDQPDLSNFMESGEWVIKESRGWKHSVTYSCCPDTPYLDITYHFVMQRLPLYFIVNVIIPCLLFSFLTGLVFYLPTDSGEKMTLSISVLLSLTVFLLVIVELIPSTSSAVPLIGKYMLFTMVFVIASIIITVIVINTHHRSPSTHVMPNWVRKVFIDTIPNIMFFSTMKRPSREKQDKKIFTEDIDISDISGKPGPPPMGFHSPLIKHPEVKSAIEGIKYIAETMKSDQESNNAAAEWKYVAMVMDHILLGVFMLVCIIGTLAVFAGRLIELNQQG,CHEMBL4106145,P02708,acetylcholine,bio/CHEMBL4106145
MEEPQSDPSVEPPLSQETFSDLWKLLPENNVLSPLPSQAMDDLMLSPDDIEQWFTEDPGPDEAPRMPEAAPPVAPAPAAPTPAAPAPAPSWPLSSSVPSQKTYQGSYGFRLGFLHSGTAKSVTCTYSPALNKMFCQLAKTCPVQLWVDSTPPPGTRVRAMAIYKQSQHMTEVVRRCPHHERCSDSDGLAPPQHLIRVEGNLRVEYLDDRNTFRHSVVVPYEPPEVGSDCTTIHYNYMCNSSCMGGMNRRPILTIITLEDSSGNLLGRNSFEVRVCACPGRDRRTEEENLRKKGEPHHELPPGSTKRALPNNTSSSPQPKKKPLDGEYFTLQIRGRERFEMFRELNEALELKDAQAGKEPGGSRAHSSHLKSKKGQSTSRHKKLMFKTEGPDSD,CHEMBL3301383,P04637,cellular,bio/CHEMBL3301383
MEEPQSDPSVEPPLSQETFSDLWKLLPENNVLSPLPSQAMDDLMLSPDDIEQWFTEDPGPDEAPRMPEAAPPVAPAPAAPTPAAPAPAPSWPLSSSVPSQKTYQGSYGFRLGFLHSGTAKSVTCTYSPALNKMFCQLAKTCPVQLWVDSTPPPGTRVRAMAIYKQSQHMTEVVRRCPHHERCSDSDGLAPPQHLIRVEGNLRVEYLDDRNTFRHSVVVPYEPPEVGSDCTTIHYNYMCNSSCMGGMNRRPILTIITLEDSSGNLLGRNSFEVRVCACPGRDRRTEEENLRKKGEPHHELPPGSTKRALPNNTSSSPQPKKKPLDGEYFTLQIRGRERFEMFRELNEALELKDAQAGKEPGGSRAHSSHLKSKKGQSTSRHKKLMFKTEGPDSD,CHEMBL3883306,P04637,cellular,bio/CHEMBL3883306
MEEPQSDPSVEPPLSQETFSDLWKLLPENNVLSPLPSQAMDDLMLSPDDIEQWFTEDPGPDEAPRMPEAAPPVAPAPAAPTPAAPAPAPSWPLSSSVPSQKTYQGSYGFRLGFLHSGTAKSVTCTYSPALNKMFCQLAKTCPVQLWVDSTPPPGTRVRAMAIYKQSQHMTEVVRRCPHHERCSDSDGLAPPQHLIRVEGNLRVEYLDDRNTFRHSVVVPYEPPEVGSDCTTIHYNYMCNSSCMGGMNRRPILTIITLEDSSGNLLGRNSFEVRVCACPGRDRRTEEENLRKKGEPHHELPPGSTKRALPNNTSSSPQPKKKPLDGEYFTLQIRGRERFEMFRELNEALELKDAQAGKEPGGSRAHSSHLKSKKGQSTSRHKKLMFKTEGPDSD,CHEMBL3885543,P04637,cellular,bio/CHEMBL3885543
MEEPQSDPSVEPPLSQETFSDLWKLLPENNVLSPLPSQAMDDLMLSPDDIEQWFTEDPGPDEAPRMPEAAPPVAPAPAAPTPAAPAPAPSWPLSSSVPSQKTYQGSYGFRLGFLHSGTAKSVTCTYSPALNKMFCQLAKTCPVQLWVDSTPPPGTRVRAMAIYKQSQHMTEVVRRCPHHERCSDSDGLAPPQHLIRVEGNLRVEYLDDRNTFRHSVVVPYEPPEVGSDCTTIHYNYMCNSSCMGGMNRRPILTIITLEDSSGNLLGRNSFEVRVCACPGRDRRTEEENLRKKGEPHHELPPGSTKRALPNNTSSSPQPKKKPLDGEYFTLQIRGRERFEMFRELNEALELKDAQAGKEPGGSRAHSSHLKSKKGQSTSRHKKLMFKTEGPDSD,CHEMBL1907611,P04637,cellular,bio/CHEMBL1907611
MEEPQSDPSVEPPLSQETFSDLWKLLPENNVLSPLPSQAMDDLMLSPDDIEQWFTEDPGPDEAPRMPEAAPPVAPAPAAPTPAAPAPAPSWPLSSSVPSQKTYQGSYGFRLGFLHSGTAKSVTCTYSPALNKMFCQLAKTCPVQLWVDSTPPPGTRVRAMAIYKQSQHMTEVVRRCPHHERCSDSDGLAPPQHLIRVEGNLRVEYLDDRNTFRHSVVVPYEPPEVGSDCTTIHYNYMCNSSCMGGMNRRPILTIITLEDSSGNLLGRNSFEVRVCACPGRDRRTEEENLRKKGEPHHELPPGSTKRALPNNTSSSPQPKKKPLDGEYFTLQIRGRERFEMFRELNEALELKDAQAGKEPGGSRAHSSHLKSKKGQSTSRHKKLMFKTEGPDSD,CHEMBL3885545,P04637,cellular,bio/CHEMBL3885545
MEEPQSDPSVEPPLSQETFSDLWKLLPENNVLSPLPSQAMDDLMLSPDDIEQWFTEDPGPDEAPRMPEAAPPVAPAPAAPTPAAPAPAPSWPLSSSVPSQKTYQGSYGFRLGFLHSGTAKSVTCTYSPALNKMFCQLAKTCPVQLWVDSTPPPGTRVRAMAIYKQSQHMTEVVRRCPHHERCSDSDGLAPPQHLIRVEGNLRVEYLDDRNTFRHSVVVPYEPPEVGSDCTTIHYNYMCNSSCMGGMNRRPILTIITLEDSSGNLLGRNSFEVRVCACPGRDRRTEEENLRKKGEPHHELPPGSTKRALPNNTSSSPQPKKKPLDGEYFTLQIRGRERFEMFRELNEALELKDAQAGKEPGGSRAHSSHLKSKKGQSTSRHKKLMFKTEGPDSD,CHEMBL4096,P04637,cellular,bio/CHEMBL4096
MEEPQSDPSVEPPLSQETFSDLWKLLPENNVLSPLPSQAMDDLMLSPDDIEQWFTEDPGPDEAPRMPEAAPPVAPAPAAPTPAAPAPAPSWPLSSSVPSQKTYQGSYGFRLGFLHSGTAKSVTCTYSPALNKMFCQLAKTCPVQLWVDSTPPPGTRVRAMAIYKQSQHMTEVVRRCPHHERCSDSDGLAPPQHLIRVEGNLRVEYLDDRNTFRHSVVVPYEPPEVGSDCTTIHYNYMCNSSCMGGMNRRPILTIITLEDSSGNLLGRNSFEVRVCACPGRDRRTEEENLRKKGEPHHELPPGSTKRALPNNTSSSPQPKKKPLDGEYFTLQIRGRERFEMFRELNEALELKDAQAGKEPGGSRAHSSHLKSKKGQSTSRHKKLMFKTEGPDSD,CHEMBL2221344,P04637,cellular,bio/CHEMBL2221344
MEEPQSDPSVEPPLSQETFSDLWKLLPENNVLSPLPSQAMDDLMLSPDDIEQWFTEDPGPDEAPRMPEAAPPVAPAPAAPTPAAPAPAPSWPLSSSVPSQKTYQGSYGFRLGFLHSGTAKSVTCTYSPALNKMFCQLAKTCPVQLWVDSTPPPGTRVRAMAIYKQSQHMTEVVRRCPHHERCSDSDGLAPPQHLIRVEGNLRVEYLDDRNTFRHSVVVPYEPPEVGSDCTTIHYNYMCNSSCMGGMNRRPILTIITLEDSSGNLLGRNSFEVRVCACPGRDRRTEEENLRKKGEPHHELPPGSTKRALPNNTSSSPQPKKKPLDGEYFTLQIRGRERFEMFRELNEALELKDAQAGKEPGGSRAHSSHLKSKKGQSTSRHKKLMFKTEGPDSD,CHEMBL3885544,P04637,cellular,bio/CHEMBL3885544
MGVVLLPPPLSMLMLVLMLLPAASASEAEHRLFQYLFEDYNEIIRPVANVSHPVIIQFEVSMSQLVKVDEVNQIMETNLWLKQIWNDYKLKWKPSDYQGVEFMRVPAEKIWKPDIVLYNNADGDFQVDDKTKALLKYTGEVTWIPPAIFKSSCKIDVTYFPFDYQNCTMKFGSWSYDKAKIDLVLIGSSMNLKDYWESGEWAIIKAPGYKHEIKYNCCEEIYQDITYSLYIRRLPLFYTINLIIPCLLISFLTVLVFYLPSDCGEKVTLCISVLLSLTVFLLVITETIPSTSLVIPLIGEYLLFTMIFVTLSIVITVFVLNVHYRTPTTHTMPTWVKAVFLNLLPRVMFMTRPTSGEGDTPKTRTFYGAELSNLNCFSRADSKSCKEGYPCQDGTCGYCHHRRVKISNFSANLTRSSSSESVNAVLSLSALSPEIKEAIQSVKYIAENMKAQNVAKEIQDDWKYVAMVIDRIFLWVFILVCILGTAGLFLQPLMARDDT,CHEMBL4106146,P04757,neuronal,bio/CHEMBL4106146
MGVVLLPPPLSMLMLVLMLLPAASASEAEHRLFQYLFEDYNEIIRPVANVSHPVIIQFEVSMSQLVKVDEVNQIMETNLWLKQIWNDYKLKWKPSDYQGVEFMRVPAEKIWKPDIVLYNNADGDFQVDDKTKALLKYTGEVTWIPPAIFKSSCKIDVTYFPFDYQNCTMKFGSWSYDKAKIDLVLIGSSMNLKDYWESGEWAIIKAPGYKHEIKYNCCEEIYQDITYSLYIRRLPLFYTINLIIPCLLISFLTVLVFYLPSDCGEKVTLCISVLLSLTVFLLVITETIPSTSLVIPLIGEYLLFTMIFVTLSIVITVFVLNVHYRTPTTHTMPTWVKAVFLNLLPRVMFMTRPTSGEGDTPKTRTFYGAELSNLNCFSRADSKSCKEGYPCQDGTCGYCHHRRVKISNFSANLTRSSSSESVNAVLSLSALSPEIKEAIQSVKYIAENMKAQNVAKEIQDDWKYVAMVIDRIFLWVFILVCILGTAGLFLQPLMARDDT,CHEMBL3137275,P04757,neuronal,bio/CHEMBL3137275
MGVVLLPPPLSMLMLVLMLLPAASASEAEHRLFQYLFEDYNEIIRPVANVSHPVIIQFEVSMSQLVKVDEVNQIMETNLWLKQIWNDYKLKWKPSDYQGVEFMRVPAEKIWKPDIVLYNNADGDFQVDDKTKALLKYTGEVTWIPPAIFKSSCKIDVTYFPFDYQNCTMKFGSWSYDKAKIDLVLIGSSMNLKDYWESGEWAIIKAPGYKHEIKYNCCEEIYQDITYSLYIRRLPLFYTINLIIPCLLISFLTVLVFYLPSDCGEKVTLCISVLLSLTVFLLVITETIPSTSLVIPLIGEYLLFTMIFVTLSIVITVFVLNVHYRTPTTHTMPTWVKAVFLNLLPRVMFMTRPTSGEGDTPKTRTFYGAELSNLNCFSRADSKSCKEGYPCQDGTCGYCHHRRVKISNFSANLTRSSSSESVNAVLSLSALSPEIKEAIQSVKYIAENMKAQNVAKEIQDDWKYVAMVIDRIFLWVFILVCILGTAGLFLQPLMARDDT,CHEMBL1907593,P04757,neuronal,bio/CHEMBL1907593
MGVVLLPPPLSMLMLVLMLLPAASASEAEHRLFQYLFEDYNEIIRPVANVSHPVIIQFEVSMSQLVKVDEVNQIMETNLWLKQIWNDYKLKWKPSDYQGVEFMRVPAEKIWKPDIVLYNNADGDFQVDDKTKALLKYTGEVTWIPPAIFKSSCKIDVTYFPFDYQNCTMKFGSWSYDKAKIDLVLIGSSMNLKDYWESGEWAIIKAPGYKHEIKYNCCEEIYQDITYSLYIRRLPLFYTINLIIPCLLISFLTVLVFYLPSDCGEKVTLCISVLLSLTVFLLVITETIPSTSLVIPLIGEYLLFTMIFVTLSIVITVFVLNVHYRTPTTHTMPTWVKAVFLNLLPRVMFMTRPTSGEGDTPKTRTFYGAELSNLNCFSRADSKSCKEGYPCQDGTCGYCHHRRVKISNFSANLTRSSSSESVNAVLSLSALSPEIKEAIQSVKYIAENMKAQNVAKEIQDDWKYVAMVIDRIFLWVFILVCILGTAGLFLQPLMARDDT,CHEMBL2094110,P04757,neuronal,bio/CHEMBL2094110
MGVVLLPPPLSMLMLVLMLLPAASASEAEHRLFQYLFEDYNEIIRPVANVSHPVIIQFEVSMSQLVKVDEVNQIMETNLWLKQIWNDYKLKWKPSDYQGVEFMRVPAEKIWKPDIVLYNNADGDFQVDDKTKALLKYTGEVTWIPPAIFKSSCKIDVTYFPFDYQNCTMKFGSWSYDKAKIDLVLIGSSMNLKDYWESGEWAIIKAPGYKHEIKYNCCEEIYQDITYSLYIRRLPLFYTINLIIPCLLISFLTVLVFYLPSDCGEKVTLCISVLLSLTVFLLVITETIPSTSLVIPLIGEYLLFTMIFVTLSIVITVFVLNVHYRTPTTHTMPTWVKAVFLNLLPRVMFMTRPTSGEGDTPKTRTFYGAELSNLNCFSRADSKSCKEGYPCQDGTCGYCHHRRVKISNFSANLTRSSSSESVNAVLSLSALSPEIKEAIQSVKYIAENMKAQNVAKEIQDDWKYVAMVIDRIFLWVFILVCILGTAGLFLQPLMARDDT,CHEMBL1907587,P04757,neuronal,bio/CHEMBL1907587
MGVVLLPPPLSMLMLVLMLLPAASASEAEHRLFQYLFEDYNEIIRPVANVSHPVIIQFEVSMSQLVKVDEVNQIMETNLWLKQIWNDYKLKWKPSDYQGVEFMRVPAEKIWKPDIVLYNNADGDFQVDDKTKALLKYTGEVTWIPPAIFKSSCKIDVTYFPFDYQNCTMKFGSWSYDKAKIDLVLIGSSMNLKDYWESGEWAIIKAPGYKHEIKYNCCEEIYQDITYSLYIRRLPLFYTINLIIPCLLISFLTVLVFYLPSDCGEKVTLCISVLLSLTVFLLVITETIPSTSLVIPLIGEYLLFTMIFVTLSIVITVFVLNVHYRTPTTHTMPTWVKAVFLNLLPRVMFMTRPTSGEGDTPKTRTFYGAELSNLNCFSRADSKSCKEGYPCQDGTCGYCHHRRVKISNFSANLTRSSSSESVNAVLSLSALSPEIKEAIQSVKYIAENMKAQNVAKEIQDDWKYVAMVIDRIFLWVFILVCILGTAGLFLQPLMARDDT,CHEMBL3137276,P04757,neuronal,bio/CHEMBL3137276
MRARPRPRPLWATVLALGALAGVGVGGPNICTTRGVSSCQQCLAVSPMCAWCSDEALPLGSPRCDLKENLLKDNCAPESIEFPVSEARVLEDRPLSDKGSGDSSQVTQVSPQRIALRLRPDDSKNFSIQVRQVEDYPVDIYYLMDLSYSMKDDLWSIQNLGTKLATQMRKLTSNLRIGFGAFVDKPVSPYMYISPPEALENPCYDMKTTCLPMFGYKHVLTLTDQVTRFNEEVKKQSVSRNRDAPEGGFDAIMQATVCDEKIGWRNDASHLLVFTTDAKTHIALDGRLAGIVQPNDGQCHVGSDNHYSASTTMDYPSLGLMTEKLSQKNINLIFAVTENVVNLYQNYSELIPGTTVGVLSMDSSNVLQLIVDAYGKIRSKVELEVRDLPEELSLSFNATCLNNEVIPGLKSCMGLKIGDTVSFSIEAKVRGCPQEKEKSFTIKPVGFKDSLIVQVTFDCDCACQAQAEPNSHRCNNGNGTFECGVCRCGPGWLGSQCECSEEDYRPSQQDECSPREGQPVCSQRGECLCGQCVCHSSDFGKITGKYCECDDFSCVRYKGEMCSGHGQCSCGDCLCDSDWTGYYCNCTTRTDTCMSSNGLLCSGRGKCECGSCVCIQPGSYGDTCEKCPTCPDACTFKKECVECKKFDRGALHDENTCNRYCRDEIESVKELKDTGKDAVNCTYKNEDDCVVRFQYYEDSSGKSILYVVEEPECPKGPDILVVLLSVMGAILLIGLAALLIWKLLITIHDRKEFAKFEEERARAKWDTANNPLYKEATSTFTNITYRGT,CHEMBL4106150,P05106,integrin,bio/CHEMBL4106150
