Year,Data_Value,Low_Confidence_Limit,High_Confidence_Limit,TotalPopulation,Location,StatVar,DataValueTypeID,Low_Confidence_Limit_StatVar,High_Confidence_Limit_StatVar,Population_StatVar
2018,29.8,28.4,31.1,1263,dcid:zip/01008,dcs:Percent_Person_Obesity,dcs:CrudePrevalence,dcs:LowerConfidenceIntervalLimit_Percent_Person_Obesity,dcs:UpperConfidenceIntervalLimit_Percent_Person_Obesity,dcs:SampleSize_Percent_Person_Obesity
2018,3.1,2.7,3.5,2021,dcid:zip/01034,dcs:Percent_Person_WithStroke,dcs:CrudePrevalence,dcs:LowerConfidenceIntervalLimit_Percent_Person_WithStroke,dcs:UpperConfidenceIntervalLimit_Percent_Person_WithStroke,dcs:SampleSize_Percent_Person_WithStroke
2018,13.6,11.0,16.2,5250,dcid:zip/01035,dcs:Percent_Person_Smoking,dcs:CrudePrevalence,dcs:LowerConfidenceIntervalLimit_Percent_Person_Smoking,dcs:UpperConfidenceIntervalLimit_Percent_Person_Smoking,dcs:SampleSize_Percent_Person_Smoking
2018,8.6,8.0,9.1,8469,dcid:zip/01069,dcs:Percent_Person_WithDiabetes,dcs:CrudePrevalence,dcs:LowerConfidenceIntervalLimit_Percent_Person_WithDiabetes,dcs:UpperConfidenceIntervalLimit_Percent_Person_WithDiabetes,dcs:SampleSize_Percent_Person_WithDiabetes
2018,81.8,77.8,85.2,629,dcid:zip/01070,dcs:Percent_Person_50To74Years_Female_ReceivedMammography,dcs:CrudePrevalence,dcs:LowerConfidenceIntervalLimit_Percent_Person_50To74Years_Female_ReceivedMammography,dcs:UpperConfidenceIntervalLimit_Percent_Person_50To74Years_Female_ReceivedMammography,dcs:SampleSize_Percent_Person_50To74Years_Female_ReceivedMammography
2018,17.7,16.9,18.4,351,dcid:zip/01094,dcs:Percent_Person_BingeDrinking,dcs:CrudePrevalence,dcs:LowerConfidenceIntervalLimit_Percent_Person_BingeDrinking,dcs:UpperConfidenceIntervalLimit_Percent_Person_BingeDrinking,dcs:SampleSize_Percent_Person_BingeDrinking
2018,10.2,9.1,11.2,351,dcid:zip/01094,dcs:Percent_Person_WithDiabetes,dcs:CrudePrevalence,dcs:LowerConfidenceIntervalLimit_Percent_Person_WithDiabetes,dcs:UpperConfidenceIntervalLimit_Percent_Person_WithDiabetes,dcs:SampleSize_Percent_Person_WithDiabetes
2018,2.5,2.1,2.9,151,dcid:zip/01244,dcs:Percent_Person_WithStroke,dcs:CrudePrevalence,dcs:LowerConfidenceIntervalLimit_Percent_Person_WithStroke,dcs:UpperConfidenceIntervalLimit_Percent_Person_WithStroke,dcs:SampleSize_Percent_Person_WithStroke
2018,2.7,2.3,3.1,1506,dcid:zip/01330,dcs:Percent_Person_WithStroke,dcs:CrudePrevalence,dcs:LowerConfidenceIntervalLimit_Percent_Person_WithStroke,dcs:UpperConfidenceIntervalLimit_Percent_Person_WithStroke,dcs:SampleSize_Percent_Person_WithStroke
