Year,Data_Value,Low_Confidence_Limit,High_Confidence_Limit,TotalPopulation,Location,StatVar,DataValueTypeID,Low_Confidence_Limit_StatVar,High_Confidence_Limit_StatVar,Population_StatVar
2018,7.0,6.3,7.7,347,dcid:geoId/0239300,dcs:Percent_Person_WithStroke,dcs:AgeAdjustedPrevalence,dcs:LowerConfidenceIntervalLimit_Percent_Person_WithStroke,dcs:UpperConfidenceIntervalLimit_Percent_Person_WithStroke,dcs:SampleSize_Percent_Person_WithStroke
2018,3.8,3.6,4.1,26518,dcid:geoId/0504840,dcs:Percent_Person_WithStroke,dcs:CrudePrevalence,dcs:LowerConfidenceIntervalLimit_Percent_Person_WithStroke,dcs:UpperConfidenceIntervalLimit_Percent_Person_WithStroke,dcs:SampleSize_Percent_Person_WithStroke
2018,77.0,73.0,80.3,1828,dcid:geoId/0109808,dcs:Percent_Person_50To74Years_Female_ReceivedMammography,dcs:CrudePrevalence,dcs:LowerConfidenceIntervalLimit_Percent_Person_50To74Years_Female_ReceivedMammography,dcs:UpperConfidenceIntervalLimit_Percent_Person_50To74Years_Female_ReceivedMammography,dcs:SampleSize_Percent_Person_50To74Years_Female_ReceivedMammography
2018,5.3,4.7,6.0,1894,dcid:geoId/0111032,dcs:Percent_Person_WithStroke,dcs:CrudePrevalence,dcs:LowerConfidenceIntervalLimit_Percent_Person_WithStroke,dcs:UpperConfidenceIntervalLimit_Percent_Person_WithStroke,dcs:SampleSize_Percent_Person_WithStroke
2018,33.3,31.5,35.0,55,dcid:geoId/0112040,dcs:Percent_Person_WithArthritis,dcs:CrudePrevalence,dcs:LowerConfidenceIntervalLimit_Percent_Person_WithArthritis,dcs:UpperConfidenceIntervalLimit_Percent_Person_WithArthritis,dcs:SampleSize_Percent_Person_WithArthritis
2018,21.7,16.7,27.0,8667,dcid:geoId/0115136,dcs:Percent_Person_65OrMoreYears_WithAllTeethLoss,dcs:CrudePrevalence,dcs:LowerConfidenceIntervalLimit_Percent_Person_65OrMoreYears_WithAllTeethLoss,dcs:UpperConfidenceIntervalLimit_Percent_Person_65OrMoreYears_WithAllTeethLoss,dcs:SampleSize_Percent_Person_65OrMoreYears_WithAllTeethLoss
2018,5.2,4.8,5.7,1399,dcid:geoId/0115640,dcs:Percent_Person_WithStroke,dcs:CrudePrevalence,dcs:LowerConfidenceIntervalLimit_Percent_Person_WithStroke,dcs:UpperConfidenceIntervalLimit_Percent_Person_WithStroke,dcs:SampleSize_Percent_Person_WithStroke
2018,38.7,37.4,40.0,2095,dcid:geoId/0117368,dcs:Percent_Person_Obesity,dcs:CrudePrevalence,dcs:LowerConfidenceIntervalLimit_Percent_Person_Obesity,dcs:UpperConfidenceIntervalLimit_Percent_Person_Obesity,dcs:SampleSize_Percent_Person_Obesity
2018,38.0,36.6,39.5,609,dcid:geoId/0118040,dcs:Percent_Person_Obesity,dcs:CrudePrevalence,dcs:LowerConfidenceIntervalLimit_Percent_Person_Obesity,dcs:UpperConfidenceIntervalLimit_Percent_Person_Obesity,dcs:SampleSize_Percent_Person_Obesity
