protein,dcid,chemical,mode,action,chemical_is_acting,score,name_interaction
bio/MC3R_HUMAN,chem/CID49862664_MC3R_HUMAN,chem/CID49862664,ChemicalInteractionModePredictedToBind,NULL,False,207,CID49862664_MC3R_HUMAN
bio/DRD4_HUMAN,chem/CID9996838_DRD4_HUMAN,chem/CID9996838,ChemicalInteractionModeBinding,NULL,True,450,CID9996838_DRD4_HUMAN
bio/DRD4_HUMAN,chem/CID9996838_DRD4_HUMAN,chem/CID9996838,ChemicalInteractionModeBinding,NULL,False,450,CID9996838_DRD4_HUMAN
bio/PRTN3_HUMAN,chem/CID9877229_PRTN3_HUMAN,chem/CID9877229,ChemicalInteractionModeActivation,EnzymaticReactionEffectActivation,False,256,CID9877229_PRTN3_HUMAN
bio/SYMM_HUMAN,chem/CID15625_SYMM_HUMAN,chem/CID15625,ChemicalInteractionModeExpression,NULL,True,150,CID15625_SYMM_HUMAN
bio/GP101_HUMAN,chem/CID45271437_GP101_HUMAN,chem/CID45271437,ChemicalInteractionModeBinding,NULL,True,341,CID45271437_GP101_HUMAN
bio/DHB1_HUMAN,chem/CID37529533_DHB1_HUMAN,chem/CID37529533,ChemicalInteractionModeBinding,NULL,True,280,CID37529533_DHB1_HUMAN
bio/DHB1_HUMAN,chem/CID37529533_DHB1_HUMAN,chem/CID37529533,ChemicalInteractionModeBinding,NULL,False,280,CID37529533_DHB1_HUMAN
bio/AT1A4_HUMAN,chem/CID24729233_AT1A4_HUMAN,chem/CID24729233,ChemicalInteractionModeInhibition,EnzymaticReactionEffectInihibition,False,313,CID24729233_AT1A4_HUMAN
