observationAbout,observationDate,variableMeasured,value
epaSuperfundSiteId/MAD001026319,2000-03-10,dcs:ContaminatedThing_SuperfundSite,dcs:GroundWater__EPA_OtherContaminatedThing__Sediment__Soil
