{
    "COI2011-00-000-00000-000000-0000-000000": "dcid:country/IND",
    "COI2011-01-000-00000-000000-0000-000000": "dcid:wikidataId/Q66278313"
}