Site_EPA_ID,CFLD_EXP,IFLD_EXP,DRGH_EXP,EQ_EXP,FIRE_EXP,HAIL_EXP,HTMP_EXP,LTMP_EXP,HURR_EXP,LSLD_EXP,TORN_EXP,WIND_EXP,EXPOSURE_SCORE,RISK_SCORE,CRSI_SCORE,observationDate
epaSuperfundSiteId/AL3210020027,1,45.115,99,1,99,32.947,73.927,36.297,1,25.147,99,33.946,82.369,66.945,0.327245864,2021
epaSuperfundSiteId/ALD981868466,1,40.853,99,1,1,5.985,69.145,20.366,1,1.0,99,37.555,58.879,22.623,0.458104177,2021
epaSuperfundSiteId/ALD041906173,1,55.89,99,1,1,81.467,74.625,34.34,1,1.0,99,91.387,87.642,91.456,0.394342983,2021
epaSuperfundSiteId/ALN000410750,1,55.89,99,1,1,81.467,74.625,34.34,1,1.0,99,91.387,87.642,91.456,0.394342983,2021
