name,agefemale,agemale,incomefemale,incomemale
james,,22.0,,
mike,,,,90000.0
nancy,21.0,,,
rose,,,80000.0,