Site,End_Date,Period,StatVar,value
dcid:geoId/02,2020-08-11,P5D,dcs:Percent_Years0To17_MedicalConditionIncident_COVID_19_Seroprevalence,
dcid:geoId/01,2020-08-13,P15D,dcs:Percent_Years0To17_MedicalConditionIncident_COVID_19_Seroprevalence,10.2
dcid:geoId/05,2020-08-13,P15D,dcs:Percent_Years0To17_MedicalConditionIncident_COVID_19_Seroprevalence,5.0
dcid:geoId/04,2020-08-11,P11D,dcs:Percent_Years0To17_MedicalConditionIncident_COVID_19_Seroprevalence,
dcid:geoId/06,2020-08-05,P6D,dcs:Percent_Years0To17_MedicalConditionIncident_COVID_19_Seroprevalence,6.2
dcid:geoId/08,2020-08-07,P8D,dcs:Percent_Years0To17_MedicalConditionIncident_COVID_19_Seroprevalence,4.3
dcid:geoId/09,2020-08-03,P4D,dcs:Percent_Years0To17_MedicalConditionIncident_COVID_19_Seroprevalence,3.9
dcid:geoId/11,2020-08-13,P14D,dcs:Percent_Years0To17_MedicalConditionIncident_COVID_19_Seroprevalence,
dcid:geoId/10,2020-08-13,P15D,dcs:Percent_Years0To17_MedicalConditionIncident_COVID_19_Seroprevalence,
dcid:geoId/02,2020-08-11,P5D,dcs:LowerConfidenceIntervalLimit_Percent_Years0To17_MedicalConditionIncident_COVID_19_Seroprevalence,
dcid:geoId/01,2020-08-13,P15D,dcs:LowerConfidenceIntervalLimit_Percent_Years0To17_MedicalConditionIncident_COVID_19_Seroprevalence,5.61
dcid:geoId/05,2020-08-13,P15D,dcs:LowerConfidenceIntervalLimit_Percent_Years0To17_MedicalConditionIncident_COVID_19_Seroprevalence,2.0
dcid:geoId/04,2020-08-11,P11D,dcs:LowerConfidenceIntervalLimit_Percent_Years0To17_MedicalConditionIncident_COVID_19_Seroprevalence,
dcid:geoId/06,2020-08-05,P6D,dcs:LowerConfidenceIntervalLimit_Percent_Years0To17_MedicalConditionIncident_COVID_19_Seroprevalence,3.12
dcid:geoId/08,2020-08-07,P8D,dcs:LowerConfidenceIntervalLimit_Percent_Years0To17_MedicalConditionIncident_COVID_19_Seroprevalence,0.63
dcid:geoId/09,2020-08-03,P4D,dcs:LowerConfidenceIntervalLimit_Percent_Years0To17_MedicalConditionIncident_COVID_19_Seroprevalence,1.48
dcid:geoId/11,2020-08-13,P14D,dcs:LowerConfidenceIntervalLimit_Percent_Years0To17_MedicalConditionIncident_COVID_19_Seroprevalence,
dcid:geoId/10,2020-08-13,P15D,dcs:LowerConfidenceIntervalLimit_Percent_Years0To17_MedicalConditionIncident_COVID_19_Seroprevalence,
dcid:geoId/02,2020-08-11,P5D,dcs:UpperConfidenceIntervalLimit_Percent_Years0To17_MedicalConditionIncident_COVID_19_Seroprevalence,
dcid:geoId/01,2020-08-13,P15D,dcs:UpperConfidenceIntervalLimit_Percent_Years0To17_MedicalConditionIncident_COVID_19_Seroprevalence,14.83
dcid:geoId/05,2020-08-13,P15D,dcs:UpperConfidenceIntervalLimit_Percent_Years0To17_MedicalConditionIncident_COVID_19_Seroprevalence,8.6
dcid:geoId/04,2020-08-11,P11D,dcs:UpperConfidenceIntervalLimit_Percent_Years0To17_MedicalConditionIncident_COVID_19_Seroprevalence,
dcid:geoId/06,2020-08-05,P6D,dcs:UpperConfidenceIntervalLimit_Percent_Years0To17_MedicalConditionIncident_COVID_19_Seroprevalence,10.09
dcid:geoId/08,2020-08-07,P8D,dcs:UpperConfidenceIntervalLimit_Percent_Years0To17_MedicalConditionIncident_COVID_19_Seroprevalence,10.52
dcid:geoId/09,2020-08-03,P4D,dcs:UpperConfidenceIntervalLimit_Percent_Years0To17_MedicalConditionIncident_COVID_19_Seroprevalence,6.46
dcid:geoId/11,2020-08-13,P14D,dcs:UpperConfidenceIntervalLimit_Percent_Years0To17_MedicalConditionIncident_COVID_19_Seroprevalence,
dcid:geoId/10,2020-08-13,P15D,dcs:UpperConfidenceIntervalLimit_Percent_Years0To17_MedicalConditionIncident_COVID_19_Seroprevalence,
dcid:geoId/02,2020-08-11,P5D,dcs:Percent_Years18To49_MedicalConditionIncident_COVID_19_Seroprevalence,0.7
dcid:geoId/01,2020-08-13,P15D,dcs:Percent_Years18To49_MedicalConditionIncident_COVID_19_Seroprevalence,4.7
dcid:geoId/05,2020-08-13,P15D,dcs:Percent_Years18To49_MedicalConditionIncident_COVID_19_Seroprevalence,4.7
dcid:geoId/04,2020-08-11,P11D,dcs:Percent_Years18To49_MedicalConditionIncident_COVID_19_Seroprevalence,10.8
dcid:geoId/06,2020-08-05,P6D,dcs:Percent_Years18To49_MedicalConditionIncident_COVID_19_Seroprevalence,7.0
dcid:geoId/08,2020-08-07,P8D,dcs:Percent_Years18To49_MedicalConditionIncident_COVID_19_Seroprevalence,1.1
dcid:geoId/09,2020-08-03,P4D,dcs:Percent_Years18To49_MedicalConditionIncident_COVID_19_Seroprevalence,3.1
dcid:geoId/11,2020-08-13,P14D,dcs:Percent_Years18To49_MedicalConditionIncident_COVID_19_Seroprevalence,1.4
dcid:geoId/10,2020-08-13,P15D,dcs:Percent_Years18To49_MedicalConditionIncident_COVID_19_Seroprevalence,8.3
dcid:geoId/02,2020-08-11,P5D,dcs:LowerConfidenceIntervalLimit_Percent_Years18To49_MedicalConditionIncident_COVID_19_Seroprevalence,0.0
dcid:geoId/01,2020-08-13,P15D,dcs:LowerConfidenceIntervalLimit_Percent_Years18To49_MedicalConditionIncident_COVID_19_Seroprevalence,1.86
dcid:geoId/05,2020-08-13,P15D,dcs:LowerConfidenceIntervalLimit_Percent_Years18To49_MedicalConditionIncident_COVID_19_Seroprevalence,2.17
dcid:geoId/04,2020-08-11,P11D,dcs:LowerConfidenceIntervalLimit_Percent_Years18To49_MedicalConditionIncident_COVID_19_Seroprevalence,3.61
dcid:geoId/06,2020-08-05,P6D,dcs:LowerConfidenceIntervalLimit_Percent_Years18To49_MedicalConditionIncident_COVID_19_Seroprevalence,3.9
dcid:geoId/08,2020-08-07,P8D,dcs:LowerConfidenceIntervalLimit_Percent_Years18To49_MedicalConditionIncident_COVID_19_Seroprevalence,0.0
dcid:geoId/09,2020-08-03,P4D,dcs:LowerConfidenceIntervalLimit_Percent_Years18To49_MedicalConditionIncident_COVID_19_Seroprevalence,1.0
dcid:geoId/11,2020-08-13,P14D,dcs:LowerConfidenceIntervalLimit_Percent_Years18To49_MedicalConditionIncident_COVID_19_Seroprevalence,0.0
dcid:geoId/10,2020-08-13,P15D,dcs:LowerConfidenceIntervalLimit_Percent_Years18To49_MedicalConditionIncident_COVID_19_Seroprevalence,4.31
dcid:geoId/02,2020-08-11,P5D,dcs:UpperConfidenceIntervalLimit_Percent_Years18To49_MedicalConditionIncident_COVID_19_Seroprevalence,2.23
dcid:geoId/01,2020-08-13,P15D,dcs:UpperConfidenceIntervalLimit_Percent_Years18To49_MedicalConditionIncident_COVID_19_Seroprevalence,7.8
dcid:geoId/05,2020-08-13,P15D,dcs:UpperConfidenceIntervalLimit_Percent_Years18To49_MedicalConditionIncident_COVID_19_Seroprevalence,7.88
dcid:geoId/04,2020-08-11,P11D,dcs:UpperConfidenceIntervalLimit_Percent_Years18To49_MedicalConditionIncident_COVID_19_Seroprevalence,20.32
dcid:geoId/06,2020-08-05,P6D,dcs:UpperConfidenceIntervalLimit_Percent_Years18To49_MedicalConditionIncident_COVID_19_Seroprevalence,10.3
dcid:geoId/08,2020-08-07,P8D,dcs:UpperConfidenceIntervalLimit_Percent_Years18To49_MedicalConditionIncident_COVID_19_Seroprevalence,2.75
dcid:geoId/09,2020-08-03,P4D,dcs:UpperConfidenceIntervalLimit_Percent_Years18To49_MedicalConditionIncident_COVID_19_Seroprevalence,5.62
dcid:geoId/11,2020-08-13,P14D,dcs:UpperConfidenceIntervalLimit_Percent_Years18To49_MedicalConditionIncident_COVID_19_Seroprevalence,3.09
dcid:geoId/10,2020-08-13,P15D,dcs:UpperConfidenceIntervalLimit_Percent_Years18To49_MedicalConditionIncident_COVID_19_Seroprevalence,12.72
dcid:geoId/02,2020-08-11,P5D,dcs:Percent_Years50To64_MedicalConditionIncident_COVID_19_Seroprevalence,0.0
dcid:geoId/01,2020-08-13,P15D,dcs:Percent_Years50To64_MedicalConditionIncident_COVID_19_Seroprevalence,5.9
dcid:geoId/05,2020-08-13,P15D,dcs:Percent_Years50To64_MedicalConditionIncident_COVID_19_Seroprevalence,4.2
dcid:geoId/04,2020-08-11,P11D,dcs:Percent_Years50To64_MedicalConditionIncident_COVID_19_Seroprevalence,7.1
dcid:geoId/06,2020-08-05,P6D,dcs:Percent_Years50To64_MedicalConditionIncident_COVID_19_Seroprevalence,5.2
dcid:geoId/08,2020-08-07,P8D,dcs:Percent_Years50To64_MedicalConditionIncident_COVID_19_Seroprevalence,4.3
dcid:geoId/09,2020-08-03,P4D,dcs:Percent_Years50To64_MedicalConditionIncident_COVID_19_Seroprevalence,3.7
dcid:geoId/11,2020-08-13,P14D,dcs:Percent_Years50To64_MedicalConditionIncident_COVID_19_Seroprevalence,5.5
dcid:geoId/10,2020-08-13,P15D,dcs:Percent_Years50To64_MedicalConditionIncident_COVID_19_Seroprevalence,5.0
dcid:geoId/02,2020-08-11,P5D,dcs:LowerConfidenceIntervalLimit_Percent_Years50To64_MedicalConditionIncident_COVID_19_Seroprevalence,0.0
dcid:geoId/01,2020-08-13,P15D,dcs:LowerConfidenceIntervalLimit_Percent_Years50To64_MedicalConditionIncident_COVID_19_Seroprevalence,2.71
dcid:geoId/05,2020-08-13,P15D,dcs:LowerConfidenceIntervalLimit_Percent_Years50To64_MedicalConditionIncident_COVID_19_Seroprevalence,1.38
dcid:geoId/04,2020-08-11,P11D,dcs:LowerConfidenceIntervalLimit_Percent_Years50To64_MedicalConditionIncident_COVID_19_Seroprevalence,0.74
dcid:geoId/06,2020-08-05,P6D,dcs:LowerConfidenceIntervalLimit_Percent_Years50To64_MedicalConditionIncident_COVID_19_Seroprevalence,2.46
dcid:geoId/08,2020-08-07,P8D,dcs:LowerConfidenceIntervalLimit_Percent_Years50To64_MedicalConditionIncident_COVID_19_Seroprevalence,0.34
dcid:geoId/09,2020-08-03,P4D,dcs:LowerConfidenceIntervalLimit_Percent_Years50To64_MedicalConditionIncident_COVID_19_Seroprevalence,1.3
dcid:geoId/11,2020-08-13,P14D,dcs:LowerConfidenceIntervalLimit_Percent_Years50To64_MedicalConditionIncident_COVID_19_Seroprevalence,2.28
dcid:geoId/10,2020-08-13,P15D,dcs:LowerConfidenceIntervalLimit_Percent_Years50To64_MedicalConditionIncident_COVID_19_Seroprevalence,2.24
dcid:geoId/02,2020-08-11,P5D,dcs:UpperConfidenceIntervalLimit_Percent_Years50To64_MedicalConditionIncident_COVID_19_Seroprevalence,4.35
dcid:geoId/01,2020-08-13,P15D,dcs:UpperConfidenceIntervalLimit_Percent_Years50To64_MedicalConditionIncident_COVID_19_Seroprevalence,10.0
dcid:geoId/05,2020-08-13,P15D,dcs:UpperConfidenceIntervalLimit_Percent_Years50To64_MedicalConditionIncident_COVID_19_Seroprevalence,7.5
dcid:geoId/04,2020-08-11,P11D,dcs:UpperConfidenceIntervalLimit_Percent_Years50To64_MedicalConditionIncident_COVID_19_Seroprevalence,14.83
dcid:geoId/06,2020-08-05,P6D,dcs:UpperConfidenceIntervalLimit_Percent_Years50To64_MedicalConditionIncident_COVID_19_Seroprevalence,8.82
dcid:geoId/08,2020-08-07,P8D,dcs:UpperConfidenceIntervalLimit_Percent_Years50To64_MedicalConditionIncident_COVID_19_Seroprevalence,11.31
dcid:geoId/09,2020-08-03,P4D,dcs:UpperConfidenceIntervalLimit_Percent_Years50To64_MedicalConditionIncident_COVID_19_Seroprevalence,6.3
dcid:geoId/11,2020-08-13,P14D,dcs:UpperConfidenceIntervalLimit_Percent_Years50To64_MedicalConditionIncident_COVID_19_Seroprevalence,9.15
dcid:geoId/10,2020-08-13,P15D,dcs:UpperConfidenceIntervalLimit_Percent_Years50To64_MedicalConditionIncident_COVID_19_Seroprevalence,8.34
dcid:geoId/02,2020-08-11,P5D,dcs:Percent_65OrMoreYears_MedicalConditionIncident_COVID_19_Seroprevalence,
dcid:geoId/01,2020-08-13,P15D,dcs:Percent_65OrMoreYears_MedicalConditionIncident_COVID_19_Seroprevalence,2.3
dcid:geoId/05,2020-08-13,P15D,dcs:Percent_65OrMoreYears_MedicalConditionIncident_COVID_19_Seroprevalence,1.5
dcid:geoId/04,2020-08-11,P11D,dcs:Percent_65OrMoreYears_MedicalConditionIncident_COVID_19_Seroprevalence,5.5
dcid:geoId/06,2020-08-05,P6D,dcs:Percent_65OrMoreYears_MedicalConditionIncident_COVID_19_Seroprevalence,1.1
dcid:geoId/08,2020-08-07,P8D,dcs:Percent_65OrMoreYears_MedicalConditionIncident_COVID_19_Seroprevalence,0.8
dcid:geoId/09,2020-08-03,P4D,dcs:Percent_65OrMoreYears_MedicalConditionIncident_COVID_19_Seroprevalence,2.7
dcid:geoId/11,2020-08-13,P14D,dcs:Percent_65OrMoreYears_MedicalConditionIncident_COVID_19_Seroprevalence,6.4
dcid:geoId/10,2020-08-13,P15D,dcs:Percent_65OrMoreYears_MedicalConditionIncident_COVID_19_Seroprevalence,0.9
dcid:geoId/02,2020-08-11,P5D,dcs:LowerConfidenceIntervalLimit_Percent_65OrMoreYears_MedicalConditionIncident_COVID_19_Seroprevalence,
dcid:geoId/01,2020-08-13,P15D,dcs:LowerConfidenceIntervalLimit_Percent_65OrMoreYears_MedicalConditionIncident_COVID_19_Seroprevalence,0.6
dcid:geoId/05,2020-08-13,P15D,dcs:LowerConfidenceIntervalLimit_Percent_65OrMoreYears_MedicalConditionIncident_COVID_19_Seroprevalence,0.0
dcid:geoId/04,2020-08-11,P11D,dcs:LowerConfidenceIntervalLimit_Percent_65OrMoreYears_MedicalConditionIncident_COVID_19_Seroprevalence,0.18
dcid:geoId/06,2020-08-05,P6D,dcs:LowerConfidenceIntervalLimit_Percent_65OrMoreYears_MedicalConditionIncident_COVID_19_Seroprevalence,0.0
dcid:geoId/08,2020-08-07,P8D,dcs:LowerConfidenceIntervalLimit_Percent_65OrMoreYears_MedicalConditionIncident_COVID_19_Seroprevalence,0.0
dcid:geoId/09,2020-08-03,P4D,dcs:LowerConfidenceIntervalLimit_Percent_65OrMoreYears_MedicalConditionIncident_COVID_19_Seroprevalence,0.5
dcid:geoId/11,2020-08-13,P14D,dcs:LowerConfidenceIntervalLimit_Percent_65OrMoreYears_MedicalConditionIncident_COVID_19_Seroprevalence,3.28
dcid:geoId/10,2020-08-13,P15D,dcs:LowerConfidenceIntervalLimit_Percent_65OrMoreYears_MedicalConditionIncident_COVID_19_Seroprevalence,0.0
dcid:geoId/02,2020-08-11,P5D,dcs:UpperConfidenceIntervalLimit_Percent_65OrMoreYears_MedicalConditionIncident_COVID_19_Seroprevalence,
dcid:geoId/01,2020-08-13,P15D,dcs:UpperConfidenceIntervalLimit_Percent_65OrMoreYears_MedicalConditionIncident_COVID_19_Seroprevalence,4.63
dcid:geoId/05,2020-08-13,P15D,dcs:UpperConfidenceIntervalLimit_Percent_65OrMoreYears_MedicalConditionIncident_COVID_19_Seroprevalence,3.29
dcid:geoId/04,2020-08-11,P11D,dcs:UpperConfidenceIntervalLimit_Percent_65OrMoreYears_MedicalConditionIncident_COVID_19_Seroprevalence,12.19
dcid:geoId/06,2020-08-05,P6D,dcs:UpperConfidenceIntervalLimit_Percent_65OrMoreYears_MedicalConditionIncident_COVID_19_Seroprevalence,2.61
dcid:geoId/08,2020-08-07,P8D,dcs:UpperConfidenceIntervalLimit_Percent_65OrMoreYears_MedicalConditionIncident_COVID_19_Seroprevalence,2.07
dcid:geoId/09,2020-08-03,P4D,dcs:UpperConfidenceIntervalLimit_Percent_65OrMoreYears_MedicalConditionIncident_COVID_19_Seroprevalence,5.17
dcid:geoId/11,2020-08-13,P14D,dcs:UpperConfidenceIntervalLimit_Percent_65OrMoreYears_MedicalConditionIncident_COVID_19_Seroprevalence,9.94
dcid:geoId/10,2020-08-13,P15D,dcs:UpperConfidenceIntervalLimit_Percent_65OrMoreYears_MedicalConditionIncident_COVID_19_Seroprevalence,2.29
dcid:geoId/02,2020-08-11,P5D,dcs:Percent_Male_MedicalConditionIncident_COVID_19_Seroprevalence,0.0
dcid:geoId/01,2020-08-13,P15D,dcs:Percent_Male_MedicalConditionIncident_COVID_19_Seroprevalence,4.9
dcid:geoId/05,2020-08-13,P15D,dcs:Percent_Male_MedicalConditionIncident_COVID_19_Seroprevalence,3.8
dcid:geoId/04,2020-08-11,P11D,dcs:Percent_Male_MedicalConditionIncident_COVID_19_Seroprevalence,9.0
dcid:geoId/06,2020-08-05,P6D,dcs:Percent_Male_MedicalConditionIncident_COVID_19_Seroprevalence,5.1
dcid:geoId/08,2020-08-07,P8D,dcs:Percent_Male_MedicalConditionIncident_COVID_19_Seroprevalence,2.7
dcid:geoId/09,2020-08-03,P4D,dcs:Percent_Male_MedicalConditionIncident_COVID_19_Seroprevalence,4.2
dcid:geoId/11,2020-08-13,P14D,dcs:Percent_Male_MedicalConditionIncident_COVID_19_Seroprevalence,3.3
dcid:geoId/10,2020-08-13,P15D,dcs:Percent_Male_MedicalConditionIncident_COVID_19_Seroprevalence,4.3
dcid:geoId/02,2020-08-11,P5D,dcs:LowerConfidenceIntervalLimit_Percent_Male_MedicalConditionIncident_COVID_19_Seroprevalence,0.0
dcid:geoId/01,2020-08-13,P15D,dcs:LowerConfidenceIntervalLimit_Percent_Male_MedicalConditionIncident_COVID_19_Seroprevalence,2.5
dcid:geoId/05,2020-08-13,P15D,dcs:LowerConfidenceIntervalLimit_Percent_Male_MedicalConditionIncident_COVID_19_Seroprevalence,1.86
dcid:geoId/04,2020-08-11,P11D,dcs:LowerConfidenceIntervalLimit_Percent_Male_MedicalConditionIncident_COVID_19_Seroprevalence,2.2
dcid:geoId/06,2020-08-05,P6D,dcs:LowerConfidenceIntervalLimit_Percent_Male_MedicalConditionIncident_COVID_19_Seroprevalence,2.74
dcid:geoId/08,2020-08-07,P8D,dcs:LowerConfidenceIntervalLimit_Percent_Male_MedicalConditionIncident_COVID_19_Seroprevalence,0.75
dcid:geoId/09,2020-08-03,P4D,dcs:LowerConfidenceIntervalLimit_Percent_Male_MedicalConditionIncident_COVID_19_Seroprevalence,2.13
dcid:geoId/11,2020-08-13,P14D,dcs:LowerConfidenceIntervalLimit_Percent_Male_MedicalConditionIncident_COVID_19_Seroprevalence,1.27
dcid:geoId/10,2020-08-13,P15D,dcs:LowerConfidenceIntervalLimit_Percent_Male_MedicalConditionIncident_COVID_19_Seroprevalence,2.13
dcid:geoId/02,2020-08-11,P5D,dcs:UpperConfidenceIntervalLimit_Percent_Male_MedicalConditionIncident_COVID_19_Seroprevalence,4.11
dcid:geoId/01,2020-08-13,P15D,dcs:UpperConfidenceIntervalLimit_Percent_Male_MedicalConditionIncident_COVID_19_Seroprevalence,7.97
dcid:geoId/05,2020-08-13,P15D,dcs:UpperConfidenceIntervalLimit_Percent_Male_MedicalConditionIncident_COVID_19_Seroprevalence,6.1
dcid:geoId/04,2020-08-11,P11D,dcs:UpperConfidenceIntervalLimit_Percent_Male_MedicalConditionIncident_COVID_19_Seroprevalence,17.7
dcid:geoId/06,2020-08-05,P6D,dcs:UpperConfidenceIntervalLimit_Percent_Male_MedicalConditionIncident_COVID_19_Seroprevalence,7.83
dcid:geoId/08,2020-08-07,P8D,dcs:UpperConfidenceIntervalLimit_Percent_Male_MedicalConditionIncident_COVID_19_Seroprevalence,5.72
dcid:geoId/09,2020-08-03,P4D,dcs:UpperConfidenceIntervalLimit_Percent_Male_MedicalConditionIncident_COVID_19_Seroprevalence,6.42
dcid:geoId/11,2020-08-13,P14D,dcs:UpperConfidenceIntervalLimit_Percent_Male_MedicalConditionIncident_COVID_19_Seroprevalence,5.93
dcid:geoId/10,2020-08-13,P15D,dcs:UpperConfidenceIntervalLimit_Percent_Male_MedicalConditionIncident_COVID_19_Seroprevalence,7.12
dcid:geoId/02,2020-08-11,P5D,dcs:Percent_Female_MedicalConditionIncident_COVID_19_Seroprevalence,0.7
dcid:geoId/01,2020-08-13,P15D,dcs:Percent_Female_MedicalConditionIncident_COVID_19_Seroprevalence,6.6
dcid:geoId/05,2020-08-13,P15D,dcs:Percent_Female_MedicalConditionIncident_COVID_19_Seroprevalence,4.3
dcid:geoId/04,2020-08-11,P11D,dcs:Percent_Female_MedicalConditionIncident_COVID_19_Seroprevalence,7.5
dcid:geoId/06,2020-08-05,P6D,dcs:Percent_Female_MedicalConditionIncident_COVID_19_Seroprevalence,6.3
dcid:geoId/08,2020-08-07,P8D,dcs:Percent_Female_MedicalConditionIncident_COVID_19_Seroprevalence,2.1
dcid:geoId/09,2020-08-03,P4D,dcs:Percent_Female_MedicalConditionIncident_COVID_19_Seroprevalence,2.5
dcid:geoId/11,2020-08-13,P14D,dcs:Percent_Female_MedicalConditionIncident_COVID_19_Seroprevalence,4.4
dcid:geoId/10,2020-08-13,P15D,dcs:Percent_Female_MedicalConditionIncident_COVID_19_Seroprevalence,7.0
dcid:geoId/02,2020-08-11,P5D,dcs:LowerConfidenceIntervalLimit_Percent_Female_MedicalConditionIncident_COVID_19_Seroprevalence,0.0
dcid:geoId/01,2020-08-13,P15D,dcs:LowerConfidenceIntervalLimit_Percent_Female_MedicalConditionIncident_COVID_19_Seroprevalence,4.39
dcid:geoId/05,2020-08-13,P15D,dcs:LowerConfidenceIntervalLimit_Percent_Female_MedicalConditionIncident_COVID_19_Seroprevalence,2.4
dcid:geoId/04,2020-08-11,P11D,dcs:LowerConfidenceIntervalLimit_Percent_Female_MedicalConditionIncident_COVID_19_Seroprevalence,3.26
dcid:geoId/06,2020-08-05,P6D,dcs:LowerConfidenceIntervalLimit_Percent_Female_MedicalConditionIncident_COVID_19_Seroprevalence,3.97
dcid:geoId/08,2020-08-07,P8D,dcs:LowerConfidenceIntervalLimit_Percent_Female_MedicalConditionIncident_COVID_19_Seroprevalence,0.49
dcid:geoId/09,2020-08-03,P4D,dcs:LowerConfidenceIntervalLimit_Percent_Female_MedicalConditionIncident_COVID_19_Seroprevalence,1.18
dcid:geoId/11,2020-08-13,P14D,dcs:LowerConfidenceIntervalLimit_Percent_Female_MedicalConditionIncident_COVID_19_Seroprevalence,2.06
dcid:geoId/10,2020-08-13,P15D,dcs:LowerConfidenceIntervalLimit_Percent_Female_MedicalConditionIncident_COVID_19_Seroprevalence,4.02
dcid:geoId/02,2020-08-11,P5D,dcs:UpperConfidenceIntervalLimit_Percent_Female_MedicalConditionIncident_COVID_19_Seroprevalence,2.35
dcid:geoId/01,2020-08-13,P15D,dcs:UpperConfidenceIntervalLimit_Percent_Female_MedicalConditionIncident_COVID_19_Seroprevalence,9.15
dcid:geoId/05,2020-08-13,P15D,dcs:UpperConfidenceIntervalLimit_Percent_Female_MedicalConditionIncident_COVID_19_Seroprevalence,6.68
dcid:geoId/04,2020-08-11,P11D,dcs:UpperConfidenceIntervalLimit_Percent_Female_MedicalConditionIncident_COVID_19_Seroprevalence,13.56
dcid:geoId/06,2020-08-05,P6D,dcs:UpperConfidenceIntervalLimit_Percent_Female_MedicalConditionIncident_COVID_19_Seroprevalence,9.19
dcid:geoId/08,2020-08-07,P8D,dcs:UpperConfidenceIntervalLimit_Percent_Female_MedicalConditionIncident_COVID_19_Seroprevalence,4.94
dcid:geoId/09,2020-08-03,P4D,dcs:UpperConfidenceIntervalLimit_Percent_Female_MedicalConditionIncident_COVID_19_Seroprevalence,4.1
dcid:geoId/11,2020-08-13,P14D,dcs:UpperConfidenceIntervalLimit_Percent_Female_MedicalConditionIncident_COVID_19_Seroprevalence,7.53
dcid:geoId/10,2020-08-13,P15D,dcs:UpperConfidenceIntervalLimit_Percent_Female_MedicalConditionIncident_COVID_19_Seroprevalence,10.92
dcid:geoId/02,2020-08-11,P5D,dcs:Percent_MedicalConditionIncident_COVID_19_Seroprevalence,0.3
dcid:geoId/01,2020-08-13,P15D,dcs:Percent_MedicalConditionIncident_COVID_19_Seroprevalence,5.8
dcid:geoId/05,2020-08-13,P15D,dcs:Percent_MedicalConditionIncident_COVID_19_Seroprevalence,4.1
dcid:geoId/04,2020-08-11,P11D,dcs:Percent_MedicalConditionIncident_COVID_19_Seroprevalence,8.2
dcid:geoId/06,2020-08-05,P6D,dcs:Percent_MedicalConditionIncident_COVID_19_Seroprevalence,5.7
dcid:geoId/08,2020-08-07,P8D,dcs:Percent_MedicalConditionIncident_COVID_19_Seroprevalence,2.4
dcid:geoId/09,2020-08-03,P4D,dcs:Percent_MedicalConditionIncident_COVID_19_Seroprevalence,3.4
dcid:geoId/11,2020-08-13,P14D,dcs:Percent_MedicalConditionIncident_COVID_19_Seroprevalence,3.9
dcid:geoId/10,2020-08-13,P15D,dcs:Percent_MedicalConditionIncident_COVID_19_Seroprevalence,5.7
dcid:geoId/02,2020-08-11,P5D,dcs:LowerConfidenceIntervalLimit_Percent_MedicalConditionIncident_COVID_19_Seroprevalence,0.0
dcid:geoId/01,2020-08-13,P15D,dcs:LowerConfidenceIntervalLimit_Percent_MedicalConditionIncident_COVID_19_Seroprevalence,4.16
dcid:geoId/05,2020-08-13,P15D,dcs:LowerConfidenceIntervalLimit_Percent_MedicalConditionIncident_COVID_19_Seroprevalence,2.74
dcid:geoId/04,2020-08-11,P11D,dcs:LowerConfidenceIntervalLimit_Percent_MedicalConditionIncident_COVID_19_Seroprevalence,4.11
dcid:geoId/06,2020-08-05,P6D,dcs:LowerConfidenceIntervalLimit_Percent_MedicalConditionIncident_COVID_19_Seroprevalence,4.05
dcid:geoId/08,2020-08-07,P8D,dcs:LowerConfidenceIntervalLimit_Percent_MedicalConditionIncident_COVID_19_Seroprevalence,0.89
dcid:geoId/09,2020-08-03,P4D,dcs:LowerConfidenceIntervalLimit_Percent_MedicalConditionIncident_COVID_19_Seroprevalence,2.04
dcid:geoId/11,2020-08-13,P14D,dcs:LowerConfidenceIntervalLimit_Percent_MedicalConditionIncident_COVID_19_Seroprevalence,2.18
dcid:geoId/10,2020-08-13,P15D,dcs:LowerConfidenceIntervalLimit_Percent_MedicalConditionIncident_COVID_19_Seroprevalence,3.55
dcid:geoId/02,2020-08-11,P5D,dcs:UpperConfidenceIntervalLimit_Percent_MedicalConditionIncident_COVID_19_Seroprevalence,1.12
dcid:geoId/01,2020-08-13,P15D,dcs:UpperConfidenceIntervalLimit_Percent_MedicalConditionIncident_COVID_19_Seroprevalence,7.71
dcid:geoId/05,2020-08-13,P15D,dcs:UpperConfidenceIntervalLimit_Percent_MedicalConditionIncident_COVID_19_Seroprevalence,5.63
dcid:geoId/04,2020-08-11,P11D,dcs:UpperConfidenceIntervalLimit_Percent_MedicalConditionIncident_COVID_19_Seroprevalence,13.59
dcid:geoId/06,2020-08-05,P6D,dcs:UpperConfidenceIntervalLimit_Percent_MedicalConditionIncident_COVID_19_Seroprevalence,7.77
dcid:geoId/08,2020-08-07,P8D,dcs:UpperConfidenceIntervalLimit_Percent_MedicalConditionIncident_COVID_19_Seroprevalence,4.53
dcid:geoId/09,2020-08-03,P4D,dcs:UpperConfidenceIntervalLimit_Percent_MedicalConditionIncident_COVID_19_Seroprevalence,4.72
dcid:geoId/11,2020-08-13,P14D,dcs:UpperConfidenceIntervalLimit_Percent_MedicalConditionIncident_COVID_19_Seroprevalence,5.76
dcid:geoId/10,2020-08-13,P15D,dcs:UpperConfidenceIntervalLimit_Percent_MedicalConditionIncident_COVID_19_Seroprevalence,8.22
