Site,Count_0_17,Percent_0_17,LC_Percent_0_17,UC_Percent_0_17,Count_18_49,Percent_18_49,LC_Percent_18_49,UC_Percent_18_49,Count_50_64,Percent_50_64,LC_Percent_50_64,UC_Percent_50_64,Count_65,Percent_65,LC_Percent_65,UC_Percent_65,Count_Male,Percent_Male,LC_Percent_Male,UC_Percent_Male,Count_Female,Percent_Female,LC_Percent_Female,UC_Percent_Female,Count_Cumulative,Percent_Cumulative,LC_Percent_Cumulative,UC_Percent_Cumulative,Count_Cumulative_Infections,LC_Count_Cumulative_Infections,UC_Count_Cumulative_Infections,End_Date,Period
dcid:geoId/02,5,,,,81,0.7,0.0,2.23,83,0.0,0.0,4.35,73,,,,88,0.0,0.0,4.11,154,0.7,0.0,2.35,242,0.3,0.0,1.12,2216,0,8271,2020-08-11,P5D
dcid:geoId/01,192,10.2,5.61,14.83,242,4.7,1.86,7.8,245,5.9,2.71,10.0,255,2.3,0.6,4.63,373,4.9,2.5,7.97,565,6.6,4.39,9.15,938,5.8,4.16,7.71,282151,202371,375067,2020-08-13,P15D
dcid:geoId/05,199,5.0,2.0,8.6,241,4.7,2.17,7.88,242,4.2,1.38,7.5,242,1.5,0.0,3.29,380,3.8,1.86,6.1,557,4.3,2.4,6.68,937,4.1,2.74,5.63,122618,81944,168375,2020-08-13,P15D
dcid:geoId/04,24,,,,244,10.8,3.61,20.32,222,7.1,0.74,14.83,101,5.5,0.18,12.19,93,9.0,2.2,17.7,498,7.5,3.26,13.56,591,8.2,4.11,13.59,569628,285509,944054,2020-08-11,P11D
dcid:geoId/06,245,6.2,3.12,10.09,245,7.0,3.9,10.3,245,5.2,2.46,8.82,245,1.1,0.0,2.61,420,5.1,2.74,7.83,560,6.3,3.97,9.19,980,5.7,4.05,7.77,2231479,1585525,3041859,2020-08-05,P6D
dcid:geoId/08,240,4.3,0.63,10.52,246,1.1,0.0,2.75,258,4.3,0.34,11.31,257,0.8,0.0,2.07,454,2.7,0.75,5.72,547,2.1,0.49,4.94,1001,2.4,0.89,4.53,132747,49227,250561,2020-08-07,P8D
dcid:geoId/09,248,3.9,1.48,6.46,249,3.1,1.0,5.62,248,3.7,1.3,6.3,249,2.7,0.5,5.17,417,4.2,2.13,6.42,577,2.5,1.18,4.1,994,3.4,2.04,4.72,121771,73063,169047,2020-08-03,P4D
dcid:geoId/11,49,,,,262,1.4,0.0,3.09,185,5.5,2.28,9.15,219,6.4,3.28,9.94,321,3.3,1.27,5.93,396,4.4,2.06,7.53,717,3.9,2.18,5.76,26695,14922,39427,2020-08-13,P14D
dcid:geoId/10,52,,,,237,8.3,4.31,12.72,261,5.0,2.24,8.34,254,0.9,0.0,2.29,339,4.3,2.13,7.12,465,7.0,4.02,10.92,804,5.7,3.55,8.22,54121,33707,78048,2020-08-13,P15D
