GEO_ID,B01001_001E
country/USA,25417
country/USA,17595
country/USA,598065
